Archive member included because of file (symbol)

.\CortexM3\ARM_GCC_493\Debug\Node-Beaver_FE3.a(cyfitter_cfg.o)
                              .\CortexM3\ARM_GCC_493\Debug\Cm3Start.o (cyfitter_cfg)
.\CortexM3\ARM_GCC_493\Debug\Node-Beaver_FE3.a(CyLib.o)
                              .\CortexM3\ARM_GCC_493\Debug\Cm3Start.o (CyResetStatus)
.\CortexM3\ARM_GCC_493\Debug\Node-Beaver_FE3.a(cyPm.o)
                              .\CortexM3\ARM_GCC_493\Debug\Node-Beaver_FE3.a(CyLib.o) (CyPmReadStatus)
.\CortexM3\ARM_GCC_493\Debug\Node-Beaver_FE3.a(CAN_1.o)
                              .\CortexM3\ARM_GCC_493\Debug\can_manager.o (CAN_1_Init)
.\CortexM3\ARM_GCC_493\Debug\Node-Beaver_FE3.a(CAN_1_INT.o)
                              .\CortexM3\ARM_GCC_493\Debug\Node-Beaver_FE3.a(CAN_1.o) (CAN_1_ISR)
.\CortexM3\ARM_GCC_493\Debug\Node-Beaver_FE3.a(CAN_1_TX_RX_func.o)
                              .\CortexM3\ARM_GCC_493\Debug\can_manager.o (CAN_1_SendMsg)
.\CortexM3\ARM_GCC_493\Debug\Node-Beaver_FE3.a(LED.o)
                              .\CortexM3\ARM_GCC_493\Debug\sd_manager.o (LED_Write)
.\CortexM3\ARM_GCC_493\Debug\Node-Beaver_FE3.a(USBUART_1.o)
                              .\CortexM3\ARM_GCC_493\Debug\usb_manager.o (USBUART_1_Start)
.\CortexM3\ARM_GCC_493\Debug\Node-Beaver_FE3.a(USBUART_1_cdc.o)
                              .\CortexM3\ARM_GCC_493\Debug\usb_manager.o (USBUART_1_DataIsReady)
.\CortexM3\ARM_GCC_493\Debug\Node-Beaver_FE3.a(USBUART_1_drv.o)
                              .\CortexM3\ARM_GCC_493\Debug\Node-Beaver_FE3.a(USBUART_1.o) (USBUART_1_EP)
.\CortexM3\ARM_GCC_493\Debug\Node-Beaver_FE3.a(USBUART_1_episr.o)
                              .\CortexM3\ARM_GCC_493\Debug\Node-Beaver_FE3.a(USBUART_1.o) (USBUART_1_EP_1_ISR)
.\CortexM3\ARM_GCC_493\Debug\Node-Beaver_FE3.a(USBUART_1_pm.o)
                              .\CortexM3\ARM_GCC_493\Debug\Node-Beaver_FE3.a(USBUART_1.o) (USBUART_1_DP_ISR)
.\CortexM3\ARM_GCC_493\Debug\Node-Beaver_FE3.a(USBUART_1_std.o)
                              .\CortexM3\ARM_GCC_493\Debug\Node-Beaver_FE3.a(USBUART_1_drv.o) (USBUART_1_HandleStandardRqst)
.\CortexM3\ARM_GCC_493\Debug\Node-Beaver_FE3.a(USBUART_1_vnd.o)
                              .\CortexM3\ARM_GCC_493\Debug\Node-Beaver_FE3.a(USBUART_1_drv.o) (USBUART_1_HandleVendorRqst)
.\CortexM3\ARM_GCC_493\Debug\Node-Beaver_FE3.a(USBUART_1_Dp.o)
                              .\CortexM3\ARM_GCC_493\Debug\Node-Beaver_FE3.a(USBUART_1.o) (USBUART_1_Dp_ClearInterrupt)
.\CortexM3\ARM_GCC_493\Debug\Node-Beaver_FE3.a(power_isr.o)
                              .\CortexM3\ARM_GCC_493\Debug\sd_manager.o (power_isr_StartEx)
.\CortexM3\ARM_GCC_493\Debug\Node-Beaver_FE3.a(rtc_i2c.o)
                              .\CortexM3\ARM_GCC_493\Debug\time_manager.o (rtc_i2c_Start)
.\CortexM3\ARM_GCC_493\Debug\Node-Beaver_FE3.a(rtc_i2c_INT.o)
                              .\CortexM3\ARM_GCC_493\Debug\Node-Beaver_FE3.a(rtc_i2c.o) (rtc_i2c_ISR)
.\CortexM3\ARM_GCC_493\Debug\Node-Beaver_FE3.a(rtc_i2c_PM.o)
                              .\CortexM3\ARM_GCC_493\Debug\Node-Beaver_FE3.a(rtc_i2c.o) (rtc_i2c_backup)
.\CortexM3\ARM_GCC_493\Debug\Node-Beaver_FE3.a(rtc_i2c_MASTER.o)
                              .\CortexM3\ARM_GCC_493\Debug\Node-Beaver_FE3.a(rtc_i2c.o) (rtc_i2c_mstrStatus)
.\CortexM3\ARM_GCC_493\Debug\Node-Beaver_FE3.a(time_refresh_isr.o)
                              .\CortexM3\ARM_GCC_493\Debug\time_manager.o (time_refresh_isr_StartEx)
.\CortexM3\ARM_GCC_493\Debug\Node-Beaver_FE3.a(millis_timer.o)
                              .\CortexM3\ARM_GCC_493\Debug\time_manager.o (millis_timer_Start)
.\CortexM3\ARM_GCC_493\Debug\Node-Beaver_FE3.a(time_refresh_timer.o)
                              .\CortexM3\ARM_GCC_493\Debug\time_manager.o (time_refresh_timer_Start)
.\CortexM3\ARM_GCC_493\Debug\Node-Beaver_FE3.a(xbee_spi.o)
                              .\CortexM3\ARM_GCC_493\Debug\radio_manager.o (xbee_spi_Start)
.\CortexM3\ARM_GCC_493\Debug\Node-Beaver_FE3.a(xbee_spi_INT.o)
                              .\CortexM3\ARM_GCC_493\Debug\Node-Beaver_FE3.a(xbee_spi.o) (xbee_spi_TX_ISR)
.\CortexM3\ARM_GCC_493\Debug\Node-Beaver_FE3.a(xbee_spi_IntClock.o)
                              .\CortexM3\ARM_GCC_493\Debug\Node-Beaver_FE3.a(xbee_spi.o) (xbee_spi_IntClock_Start)
.\CortexM3\ARM_GCC_493\Debug\Node-Beaver_FE3.a(power_comp.o)
                              .\CortexM3\ARM_GCC_493\Debug\sd_manager.o (power_comp_Start)
.\CortexM3\ARM_GCC_493\Debug\Node-Beaver_FE3.a(sd_timer.o)
                              .\CortexM3\ARM_GCC_493\Debug\sd_manager.o (sd_timer_Start)
.\CortexM3\ARM_GCC_493\Debug\Node-Beaver_FE3.a(sd_isr.o)
                              .\CortexM3\ARM_GCC_493\Debug\sd_manager.o (sd_isr_StartEx)
.\CortexM3\ARM_GCC_493\Debug\Node-Beaver_FE3.a(CyBootAsmGnu.o)
                              .\CortexM3\ARM_GCC_493\Debug\Node-Beaver_FE3.a(cyfitter_cfg.o) (CyDelayCycles)
.\CortexM3\ARM_GCC_493\Debug\Node-Beaver_FE3.a(CyFlash.o)
[...]
Memory Configuration

Name             Origin             Length             Attributes
rom              0x00000000         0x00040000         xr
ram              0x1fff8000         0x00010000         xrw
*default*        0x00000000         0xffffffff

Linker script and memory map

LOAD d:/programming/cypress/psoc creator/4.0/psoc creator/import/gnu/arm/4.9.3/bin/../lib/gcc/arm-none-eabi/4.9.3/armv7-m/crti.o
LOAD d:/programming/cypress/psoc creator/4.0/psoc creator/import/gnu/arm/4.9.3/bin/../lib/gcc/arm-none-eabi/4.9.3/armv7-m/crtbegin.o
LOAD d:/programming/cypress/psoc creator/4.0/psoc creator/import/gnu/arm/4.9.3/bin/../lib/gcc/arm-none-eabi/4.9.3/../../../../arm-none-eabi/lib/armv7-m/crt0.o
START GROUP
LOAD .\CortexM3\ARM_GCC_493\Debug\main.o
LOAD .\CortexM3\ARM_GCC_493\Debug\can_manager.o
LOAD .\CortexM3\ARM_GCC_493\Debug\sd_manager.o
LOAD .\CortexM3\ARM_GCC_493\Debug\usb_manager.o
LOAD .\CortexM3\ARM_GCC_493\Debug\radio_manager.o
LOAD .\CortexM3\ARM_GCC_493\Debug\time_manager.o
LOAD .\CortexM3\ARM_GCC_493\Debug\cymetadata.o
LOAD .\CortexM3\ARM_GCC_493\Debug\Cm3Start.o
LOAD .\CortexM3\ARM_GCC_493\Debug\Node-Beaver_FE3.a
LOAD D:\Programming\Cypress\PSoC Creator\4.0\PSoC Creator\psoc\content\cycomponentlibrary\CyComponentLibrary.cylib\CortexM3\ARM_GCC_493\Debug\CyComponentLibrary.a
LOAD .\emFile_V322c\LinkLibrary\PSoC5\GCC\libemf16noslfn.a
END GROUP
START GROUP
LOAD d:/programming/cypress/psoc creator/4.0/psoc creator/import/gnu/arm/4.9.3/bin/../lib/gcc/arm-none-eabi/4.9.3/armv7-m\libgcc.a
LOAD d:/programming/cypress/psoc creator/4.0/psoc creator/import/gnu/arm/4.9.3/bin/../lib/gcc/arm-none-eabi/4.9.3/../../../../arm-none-eabi/lib/armv7-m\libg_nano.a
LOAD d:/programming/cypress/psoc creator/4.0/psoc creator/import/gnu/arm/4.9.3/bin/../lib/gcc/arm-none-eabi/4.9.3/../../../../arm-none-eabi/lib/armv7-m\libc_nano.a
END GROUP
START GROUP
LOAD d:/programming/cypress/psoc creator/4.0/psoc creator/import/gnu/arm/4.9.3/bin/../lib/gcc/arm-none-eabi/4.9.3/armv7-m\libgcc.a
LOAD d:/programming/cypress/psoc creator/4.0/psoc creator/import/gnu/arm/4.9.3/bin/../lib/gcc/arm-none-eabi/4.9.3/../../../../arm-none-eabi/lib/armv7-m\libc_nano.a
END GROUP
LOAD d:/programming/cypress/psoc creator/4.0/psoc creator/import/gnu/arm/4.9.3/bin/../lib/gcc/arm-none-eabi/4.9.3/armv7-m/crtend.o
LOAD d:/programming/cypress/psoc creator/4.0/psoc creator/import/gnu/arm/4.9.3/bin/../lib/gcc/arm-none-eabi/4.9.3/armv7-m/crtn.o
START GROUP
LOAD d:/programming/cypress/psoc creator/4.0/psoc creator/import/gnu/arm/4.9.3/bin/../lib/gcc/arm-none-eabi/4.9.3/armv7-m\libgcc.a
LOAD d:/programming/cypress/psoc creator/4.0/psoc creator/import/gnu/arm/4.9.3/bin/../lib/gcc/arm-none-eabi/4.9.3/../../../../arm-none-eabi/lib/armv7-m\libc.a
LOAD d:/programming/cypress/psoc creator/4.0/psoc creator/import/gnu/arm/4.9.3/bin/../lib/gcc/arm-none-eabi/4.9.3/../../../../arm-none-eabi/lib/armv7-m\libnosys.a
END GROUP
                0x00000000                CY_APPL_ORIGIN = 0x0
                0x00000100                CY_FLASH_ROW_SIZE = 0x100
                0x00000020                CY_ECC_ROW_SIZE = 0x20
                0x00000000                CY_EE_IN_BTLDR = 0x0
                0x00000000                CY_APPL_LOADABLE = 0x0
                0x00000800                CY_EE_SIZE = 0x800
                0x00000001                CY_APPL_NUM = 0x1
                0x00000001                CY_APPL_MAX = 0x1
                0x00000040                CY_METADATA_SIZE = 0x40
                0x00000000                CY_APPL_LOADABLE = 0x0
                0x00000000                CY_CHECKSUM_EXCLUDE_SIZE = ALIGN (0x0, CY_FLASH_ROW_SIZE)
                0x1fffd460                PROVIDE (__cy_heap_start, _end)
                0x00000001                PROVIDE (__cy_region_num, ((__cy_regions_end - __cy_regions) / 0x10))
                0x20008000                PROVIDE (__cy_stack, (ORIGIN (ram) + 0x10000))
                0x20004000                PROVIDE (__cy_heap_end, (__cy_stack - 0x4000))

.cybootloader   0x00000000        0x0
 *(.cybootloader)
                0x00000000                appl1_start = CY_APPL_ORIGIN?CY_APPL_ORIGIN:ALIGN (CY_FLASH_ROW_SIZE)
                0x0001ff00                appl2_start = (appl1_start + ALIGN ((((0x40000 - appl1_start) - (0x2 * CY_FLASH_ROW_SIZE)) / 0x2), CY_FLASH_ROW_SIZE))
                0x00000000                appl_start = (CY_APPL_NUM == 0x1)?appl1_start:appl2_start
                0x00000000                ecc_offset = ((appl_start / CY_FLASH_ROW_SIZE) * CY_ECC_ROW_SIZE)
                0x00000000                ee_offset = (CY_APPL_LOADABLE && ! (CY_EE_IN_BTLDR))?((CY_EE_SIZE / CY_APPL_MAX) * (CY_APPL_NUM - 0x1)):0x0
                0x00000800                ee_size = (CY_APPL_LOADABLE && ! (CY_EE_IN_BTLDR))?(CY_EE_SIZE / CY_APPL_MAX):CY_EE_SIZE
                0x00000000                PROVIDE (CY_ECC_OFFSET, ecc_offset)

.text           0x00000000     0x977e
 CREATE_OBJECT_SYMBOLS
                0x00000000                PROVIDE (__cy_interrupt_vector, RomVectors)
 *(.romvectors)
 .romvectors    0x00000000       0x10 .\CortexM3\ARM_GCC_493\Debug\Cm3Start.o
                0x00000000                RomVectors
                0x00000001                ASSERT ((. != __cy_interrupt_vector), No interrupt vector)
                0x00000001                ASSERT (CY_APPL_ORIGIN?(SIZEOF (.cybootloader) <= CY_APPL_ORIGIN):0x1, Wrong image location)
                0x00000010                PROVIDE (__cy_reset, Reset)
 *(.text.Reset)
 .text.Reset    0x00000010       0x18 .\CortexM3\ARM_GCC_493\Debug\Cm3Start.o
                0x00000010                Reset
                0x00000001                ASSERT ((. != __cy_reset), No reset code)
 *(.dma_init)
                0x00000001                ASSERT ((((appl_start + .) <= 0x10000) || 0x1), DMA Init must be within the first 64k of flash)
 *(.text .text.* .gnu.linkonce.t.*)
 .text          0x00000028       0x5c d:/programming/cypress/psoc creator/4.0/psoc creator/import/gnu/arm/4.9.3/bin/../lib/gcc/arm-none-eabi/4.9.3/armv7-m/crtbegin.o
 .text.main     0x00000084       0x34 .\CortexM3\ARM_GCC_493\Debug\main.o
                0x00000084                main
 .text.msg_recieve
                0x000000b8       0x28 .\CortexM3\ARM_GCC_493\Debug\main.o
                0x000000b8                msg_recieve
 .text.can_init
                0x000000e0       0x74 .\CortexM3\ARM_GCC_493\Debug\can_manager.o
                0x000000e0                can_init
 .text.can_msg_init
                0x00000154       0x48 .\CortexM3\ARM_GCC_493\Debug\can_manager.o
                0x00000154                can_msg_init
 .text.can_process
                0x0000019c       0xf0 .\CortexM3\ARM_GCC_493\Debug\can_manager.o
                0x0000019c                can_process
 .text.can_compare
                0x0000028c      0x14c .\CortexM3\ARM_GCC_493\Debug\can_manager.o
                0x0000028c                can_compare
 .text.power_interrupt
                0x000003d8       0x20 .\CortexM3\ARM_GCC_493\Debug\sd_manager.o
                0x000003d8                power_interrupt
 .text.sd_interrupt
                0x000003f8        0xc .\CortexM3\ARM_GCC_493\Debug\sd_manager.o
                0x000003f8                sd_interrupt
 .text.sd_init  0x00000404      0x17c .\CortexM3\ARM_GCC_493\Debug\sd_manager.o
                0x00000404                sd_init
 .text.sd_time_set
                0x00000580      0x190 .\CortexM3\ARM_GCC_493\Debug\sd_manager.o
                0x00000580                sd_time_set
 .text.sd_write
                0x00000710      0x160 .\CortexM3\ARM_GCC_493\Debug\sd_manager.o
                0x00000710                sd_write
 .text.sd_buffer
                0x00000870       0x38 .\CortexM3\ARM_GCC_493\Debug\sd_manager.o
                0x00000870                sd_buffer
 .text.sd_stop  0x000008a8       0x28 .\CortexM3\ARM_GCC_493\Debug\sd_manager.o
                0x000008a8                sd_stop
 .text.usb_init
                0x000008d0       0x10 .\CortexM3\ARM_GCC_493\Debug\usb_manager.o
                0x000008d0                usb_init
 .text.radio_init_SPI
                0x000008e0       0x20 .\CortexM3\ARM_GCC_493\Debug\radio_manager.o
                0x000008e0                radio_init_SPI
 .text.set_des_addr
                0x00000900       0x60 .\CortexM3\ARM_GCC_493\Debug\radio_manager.o
                0x00000900                set_des_addr
 .text.checksum_calc
                0x00000960       0x48 .\CortexM3\ARM_GCC_493\Debug\radio_manager.o
                0x00000960                checksum_calc
 .text.xbee_send
                0x000009a8       0x14 .\CortexM3\ARM_GCC_493\Debug\radio_manager.o
                0x000009a8                xbee_send
 .text.xbee_Tx_req
                0x000009bc      0x110 .\CortexM3\ARM_GCC_493\Debug\radio_manager.o
                0x000009bc                xbee_Tx_req
 .text.time_refresh_vector
                0x00000acc       0x28 .\CortexM3\ARM_GCC_493\Debug\time_manager.o
                0x00000acc                time_refresh_vector
 .text.time_init
                0x00000af4       0x9c .\CortexM3\ARM_GCC_493\Debug\time_manager.o
                0x00000af4                time_init
 .text.time_announce
                0x00000b90       0x7c .\CortexM3\ARM_GCC_493\Debug\time_manager.o
                0x00000b90                time_announce
 .text.time_get
                0x00000c0c       0x34 .\CortexM3\ARM_GCC_493\Debug\time_manager.o
                0x00000c0c                time_get
 .text.time_set
                0x00000c40      0x180 .\CortexM3\ARM_GCC_493\Debug\time_manager.o
                0x00000c40                time_set
 .text.time_retreive
                0x00000dc0      0x154 .\CortexM3\ARM_GCC_493\Debug\time_manager.o
                0x00000dc0                time_retreive
 .text.IntDefaultHandler
                0x00000f14       0x14 .\CortexM3\ARM_GCC_493\Debug\Cm3Start.o
                0x00000f14                IntDefaultHandler
 .text._sbrk    0x00000f28       0x54 .\CortexM3\ARM_GCC_493\Debug\Cm3Start.o
                0x00000f28                _sbrk
 .text.Start_c  0x00000f7c       0x98 .\CortexM3\ARM_GCC_493\Debug\Cm3Start.o
                0x00000f7c                Start_c
 .text.initialize_psoc
                0x00001014       0x8c .\CortexM3\ARM_GCC_493\Debug\Cm3Start.o
                0x00001014                initialize_psoc
 .text.CYMEMZERO
                0x000010a0       0x1c .\CortexM3\ARM_GCC_493\Debug\Node-Beaver_FE3.a(cyfitter_cfg.o)
 .text.CYCONFIGCPY
                0x000010bc       0x1c .\CortexM3\ARM_GCC_493\Debug\Node-Beaver_FE3.a(cyfitter_cfg.o)
 .text.CyClockStartupError
                0x000010d8        0xc .\CortexM3\ARM_GCC_493\Debug\Node-Beaver_FE3.a(cyfitter_cfg.o)
 .text.cfg_write_bytes32
                0x000010e4       0x74 .\CortexM3\ARM_GCC_493\Debug\Node-Beaver_FE3.a(cyfitter_cfg.o)
 .text.ClockSetup
                0x00001158      0x140 .\CortexM3\ARM_GCC_493\Debug\Node-Beaver_FE3.a(cyfitter_cfg.o)
 .text.AnalogSetDefault
                0x00001298       0x60 .\CortexM3\ARM_GCC_493\Debug\Node-Beaver_FE3.a(cyfitter_cfg.o)
 .text.cyfitter_cfg
                0x000012f8      0x17c .\CortexM3\ARM_GCC_493\Debug\Node-Beaver_FE3.a(cyfitter_cfg.o)
                0x000012f8                cyfitter_cfg
 .text.CyHalt   0x00001474       0x18 .\CortexM3\ARM_GCC_493\Debug\Node-Beaver_FE3.a(CyLib.o)
                0x00001474                CyHalt
 .text.CySoftwareReset
                0x0000148c       0x20 .\CortexM3\ARM_GCC_493\Debug\Node-Beaver_FE3.a(CyLib.o)
                0x0000148c                CySoftwareReset
 .text.CyDelay  0x000014ac       0x44 .\CortexM3\ARM_GCC_493\Debug\Node-Beaver_FE3.a(CyLib.o)
                0x000014ac                CyDelay
 .text.CyDelayUs
                0x000014f0       0x24 .\CortexM3\ARM_GCC_493\Debug\Node-Beaver_FE3.a(CyLib.o)
                0x000014f0                CyDelayUs
 .text.CyIntSetVector
                0x00001514       0x50 .\CortexM3\ARM_GCC_493\Debug\Node-Beaver_FE3.a(CyLib.o)
                0x00001514                CyIntSetVector
 .text.CyIntSetPriority
                0x00001564       0x44 .\CortexM3\ARM_GCC_493\Debug\Node-Beaver_FE3.a(CyLib.o)
                0x00001564                CyIntSetPriority
 .text.CyGetUniqueId
                0x000015a8       0xc4 .\CortexM3\ARM_GCC_493\Debug\Node-Beaver_FE3.a(CyLib.o)
                0x000015a8                CyGetUniqueId
 .text.CAN_1_RxTxBuffersConfig
                0x0000166c       0x80 .\CortexM3\ARM_GCC_493\Debug\Node-Beaver_FE3.a(CAN_1.o)
                0x0000166c                CAN_1_RxTxBuffersConfig
 .text.CAN_1_Init
                0x000016ec      0x128 .\CortexM3\ARM_GCC_493\Debug\Node-Beaver_FE3.a(CAN_1.o)
                0x000016ec                CAN_1_Init
 .text.CAN_1_Enable
                0x00001814       0xa4 .\CortexM3\ARM_GCC_493\Debug\Node-Beaver_FE3.a(CAN_1.o)
                0x00001814                CAN_1_Enable
 .text.CAN_1_Start
                0x000018b8       0x3c .\CortexM3\ARM_GCC_493\Debug\Node-Beaver_FE3.a(CAN_1.o)
                0x000018b8                CAN_1_Start
 .text.CAN_1_GlobalIntEnable
                0x000018f4       0x40 .\CortexM3\ARM_GCC_493\Debug\Node-Beaver_FE3.a(CAN_1.o)
                0x000018f4                CAN_1_GlobalIntEnable
 .text.CAN_1_SetPreScaler
                0x00001934       0x44 .\CortexM3\ARM_GCC_493\Debug\Node-Beaver_FE3.a(CAN_1.o)
                0x00001934                CAN_1_SetPreScaler
 .text.CAN_1_SetArbiter
                0x00001978       0x6c .\CortexM3\ARM_GCC_493\Debug\Node-Beaver_FE3.a(CAN_1.o)
                0x00001978                CAN_1_SetArbiter
 .text.CAN_1_SetTsegSample
                0x000019e4       0xd4 .\CortexM3\ARM_GCC_493\Debug\Node-Beaver_FE3.a(CAN_1.o)
                0x000019e4                CAN_1_SetTsegSample
 .text.CAN_1_SetRestartType
                0x00001ab8       0x6c .\CortexM3\ARM_GCC_493\Debug\Node-Beaver_FE3.a(CAN_1.o)
                0x00001ab8                CAN_1_SetRestartType
 .text.CAN_1_SetEdgeMode
                0x00001b24       0x6c .\CortexM3\ARM_GCC_493\Debug\Node-Beaver_FE3.a(CAN_1.o)
                0x00001b24                CAN_1_SetEdgeMode
 .text.CAN_1_SetIrqMask
                0x00001b90       0x38 .\CortexM3\ARM_GCC_493\Debug\Node-Beaver_FE3.a(CAN_1.o)
                0x00001b90                CAN_1_SetIrqMask
 .text.CAN_1_RxBufConfig
                0x00001bc8       0xec .\CortexM3\ARM_GCC_493\Debug\Node-Beaver_FE3.a(CAN_1.o)
                0x00001bc8                CAN_1_RxBufConfig
 .text.CAN_1_TxBufConfig
                0x00001cb4       0x88 .\CortexM3\ARM_GCC_493\Debug\Node-Beaver_FE3.a(CAN_1.o)
                0x00001cb4                CAN_1_TxBufConfig
 .text.CAN_1_MsgRXIsr
                0x00001d3c       0x68 .\CortexM3\ARM_GCC_493\Debug\Node-Beaver_FE3.a(CAN_1_INT.o)
                0x00001d3c                CAN_1_MsgRXIsr
 .text.CAN_1_ISR
                0x00001da4       0x1c .\CortexM3\ARM_GCC_493\Debug\Node-Beaver_FE3.a(CAN_1_INT.o)
                0x00001da4                CAN_1_ISR
 .text.CAN_1_ReceiveMsg
                0x00001dc0       0xd8 .\CortexM3\ARM_GCC_493\Debug\Node-Beaver_FE3.a(CAN_1_TX_RX_func.o)
                0x00001dc0                CAN_1_ReceiveMsg
 .text.LED_Write
                0x00001e98       0x34 .\CortexM3\ARM_GCC_493\Debug\Node-Beaver_FE3.a(LED.o)
                0x00001e98                LED_Write
 .text.USBUART_1_Start
                0x00001ecc       0x38 .\CortexM3\ARM_GCC_493\Debug\Node-Beaver_FE3.a(USBUART_1.o)
                0x00001ecc                USBUART_1_Start
 .text.USBUART_1_Init
                0x00001f04      0x1a0 .\CortexM3\ARM_GCC_493\Debug\Node-Beaver_FE3.a(USBUART_1.o)
                0x00001f04                USBUART_1_Init
 .text.USBUART_1_InitComponent
                0x000020a4      0x100 .\CortexM3\ARM_GCC_493\Debug\Node-Beaver_FE3.a(USBUART_1.o)
                0x000020a4                USBUART_1_InitComponent
 .text.USBUART_1_ReInitComponent
                0x000021a4       0x68 .\CortexM3\ARM_GCC_493\Debug\Node-Beaver_FE3.a(USBUART_1.o)
                0x000021a4                USBUART_1_ReInitComponent
 .text.USBUART_1_DispatchCDCClassRqst
                0x0000220c       0xe8 .\CortexM3\ARM_GCC_493\Debug\Node-Beaver_FE3.a(USBUART_1_cdc.o)
                0x0000220c                USBUART_1_DispatchCDCClassRqst
 .text.USBUART_1_GetInterfaceComPort
                0x000022f4       0x60 .\CortexM3\ARM_GCC_493\Debug\Node-Beaver_FE3.a(USBUART_1_cdc.o)
                0x000022f4                USBUART_1_GetInterfaceComPort
 .text.USBUART_1_Cdc_EpInit
                0x00002354       0x94 .\CortexM3\ARM_GCC_493\Debug\Node-Beaver_FE3.a(USBUART_1_cdc.o)
                0x00002354                USBUART_1_Cdc_EpInit
 .text.USBUART_1_EP_0_ISR
                0x000023e8       0xf8 .\CortexM3\ARM_GCC_493\Debug\Node-Beaver_FE3.a(USBUART_1_drv.o)
                0x000023e8                USBUART_1_EP_0_ISR
 .text.USBUART_1_HandleSetup
                0x000024e0       0x88 .\CortexM3\ARM_GCC_493\Debug\Node-Beaver_FE3.a(USBUART_1_drv.o)
                0x000024e0                USBUART_1_HandleSetup
 .text.USBUART_1_HandleIN
                0x00002568       0x4c .\CortexM3\ARM_GCC_493\Debug\Node-Beaver_FE3.a(USBUART_1_drv.o)
                0x00002568                USBUART_1_HandleIN
 .text.USBUART_1_HandleOUT
                0x000025b4       0x58 .\CortexM3\ARM_GCC_493\Debug\Node-Beaver_FE3.a(USBUART_1_drv.o)
                0x000025b4                USBUART_1_HandleOUT
 .text.USBUART_1_LoadEP0
                0x0000260c       0xd0 .\CortexM3\ARM_GCC_493\Debug\Node-Beaver_FE3.a(USBUART_1_drv.o)
                0x0000260c                USBUART_1_LoadEP0
 .text.USBUART_1_InitControlRead
                0x000026dc       0x70 .\CortexM3\ARM_GCC_493\Debug\Node-Beaver_FE3.a(USBUART_1_drv.o)
                0x000026dc                USBUART_1_InitControlRead
 .text.USBUART_1_InitZeroLengthControlTransfer
                0x0000274c       0x44 .\CortexM3\ARM_GCC_493\Debug\Node-Beaver_FE3.a(USBUART_1_drv.o)
                0x0000274c                USBUART_1_InitZeroLengthControlTransfer
 .text.USBUART_1_ControlReadDataStage
                0x00002790        0xc .\CortexM3\ARM_GCC_493\Debug\Node-Beaver_FE3.a(USBUART_1_drv.o)
                0x00002790                USBUART_1_ControlReadDataStage
 .text.USBUART_1_ControlReadStatusStage
                0x0000279c       0x40 .\CortexM3\ARM_GCC_493\Debug\Node-Beaver_FE3.a(USBUART_1_drv.o)
                0x0000279c                USBUART_1_ControlReadStatusStage
 .text.USBUART_1_InitControlWrite
                0x000027dc       0x64 .\CortexM3\ARM_GCC_493\Debug\Node-Beaver_FE3.a(USBUART_1_drv.o)
                0x000027dc                USBUART_1_InitControlWrite
 .text.USBUART_1_ControlWriteDataStage
                0x00002840       0xb4 .\CortexM3\ARM_GCC_493\Debug\Node-Beaver_FE3.a(USBUART_1_drv.o)
                0x00002840                USBUART_1_ControlWriteDataStage
 .text.USBUART_1_ControlWriteStatusStage
                0x000028f4       0x20 .\CortexM3\ARM_GCC_493\Debug\Node-Beaver_FE3.a(USBUART_1_drv.o)
                0x000028f4                USBUART_1_ControlWriteStatusStage
 .text.USBUART_1_InitNoDataControlTransfer
                0x00002914       0x38 .\CortexM3\ARM_GCC_493\Debug\Node-Beaver_FE3.a(USBUART_1_drv.o)
                0x00002914                USBUART_1_InitNoDataControlTransfer
 .text.USBUART_1_NoDataControlStatusStage
                0x0000294c       0x48 .\CortexM3\ARM_GCC_493\Debug\Node-Beaver_FE3.a(USBUART_1_drv.o)
                0x0000294c                USBUART_1_NoDataControlStatusStage
 .text.USBUART_1_UpdateStatusBlock
                0x00002994       0x40 .\CortexM3\ARM_GCC_493\Debug\Node-Beaver_FE3.a(USBUART_1_drv.o)
                0x00002994                USBUART_1_UpdateStatusBlock
 .text.USBUART_1_InitializeStatusBlock
                0x000029d4       0x34 .\CortexM3\ARM_GCC_493\Debug\Node-Beaver_FE3.a(USBUART_1_drv.o)
                0x000029d4                USBUART_1_InitializeStatusBlock
 .text.USBUART_1_EP_1_ISR
                0x00002a08       0x48 .\CortexM3\ARM_GCC_493\Debug\Node-Beaver_FE3.a(USBUART_1_episr.o)
                0x00002a08                USBUART_1_EP_1_ISR
 .text.USBUART_1_EP_2_ISR
                0x00002a50       0x4c .\CortexM3\ARM_GCC_493\Debug\Node-Beaver_FE3.a(USBUART_1_episr.o)
                0x00002a50                USBUART_1_EP_2_ISR
 .text.USBUART_1_EP_3_ISR
                0x00002a9c       0x54 .\CortexM3\ARM_GCC_493\Debug\Node-Beaver_FE3.a(USBUART_1_episr.o)
                0x00002a9c                USBUART_1_EP_3_ISR
 .text.USBUART_1_SOF_ISR
                0x00002af0        0xc .\CortexM3\ARM_GCC_493\Debug\Node-Beaver_FE3.a(USBUART_1_episr.o)
                0x00002af0                USBUART_1_SOF_ISR
 .text.USBUART_1_BUS_RESET_ISR
                0x00002afc        0xc .\CortexM3\ARM_GCC_493\Debug\Node-Beaver_FE3.a(USBUART_1_episr.o)
                0x00002afc                USBUART_1_BUS_RESET_ISR
 .text.USBUART_1_DP_ISR
                0x00002b08        0xc .\CortexM3\ARM_GCC_493\Debug\Node-Beaver_FE3.a(USBUART_1_pm.o)
                0x00002b08                USBUART_1_DP_ISR
 .text.USBUART_1_HandleStandardRqst
                0x00002b14      0x48c .\CortexM3\ARM_GCC_493\Debug\Node-Beaver_FE3.a(USBUART_1_std.o)
                0x00002b14                USBUART_1_HandleStandardRqst
 .text.USBUART_1_ReadDieID
                0x00002fa0       0xd4 .\CortexM3\ARM_GCC_493\Debug\Node-Beaver_FE3.a(USBUART_1_std.o)
                0x00002fa0                USBUART_1_ReadDieID
 .text.USBUART_1_ConfigReg
                0x00003074      0x11c .\CortexM3\ARM_GCC_493\Debug\Node-Beaver_FE3.a(USBUART_1_std.o)
                0x00003074                USBUART_1_ConfigReg
 .text.USBUART_1_Config
                0x00003190      0x394 .\CortexM3\ARM_GCC_493\Debug\Node-Beaver_FE3.a(USBUART_1_std.o)
                0x00003190                USBUART_1_Config
 .text.USBUART_1_ConfigAltChanged
                0x00003524      0x23c .\CortexM3\ARM_GCC_493\Debug\Node-Beaver_FE3.a(USBUART_1_std.o)
                0x00003524                USBUART_1_ConfigAltChanged
 .text.USBUART_1_GetConfigTablePtr
                0x00003760       0x54 .\CortexM3\ARM_GCC_493\Debug\Node-Beaver_FE3.a(USBUART_1_std.o)
                0x00003760                USBUART_1_GetConfigTablePtr
 .text.USBUART_1_GetDeviceTablePtr
                0x000037b4       0x24 .\CortexM3\ARM_GCC_493\Debug\Node-Beaver_FE3.a(USBUART_1_std.o)
                0x000037b4                USBUART_1_GetDeviceTablePtr
 .text.USBUART_1_GetInterfaceClassTablePtr
                0x000037d8       0x4c .\CortexM3\ARM_GCC_493\Debug\Node-Beaver_FE3.a(USBUART_1_std.o)
                0x000037d8                USBUART_1_GetInterfaceClassTablePtr
 .text.USBUART_1_SetEndpointHalt
                0x00003824       0xdc .\CortexM3\ARM_GCC_493\Debug\Node-Beaver_FE3.a(USBUART_1_std.o)
                0x00003824                USBUART_1_SetEndpointHalt
 .text.USBUART_1_ClearEndpointHalt
                0x00003900      0x130 .\CortexM3\ARM_GCC_493\Debug\Node-Beaver_FE3.a(USBUART_1_std.o)
                0x00003900                USBUART_1_ClearEndpointHalt
 .text.USBUART_1_ValidateAlternateSetting
                0x00003a30       0x70 .\CortexM3\ARM_GCC_493\Debug\Node-Beaver_FE3.a(USBUART_1_std.o)
                0x00003a30                USBUART_1_ValidateAlternateSetting
 .text.USBUART_1_HandleVendorRqst
                0x00003aa0       0x54 .\CortexM3\ARM_GCC_493\Debug\Node-Beaver_FE3.a(USBUART_1_vnd.o)
                0x00003aa0                USBUART_1_HandleVendorRqst
 .text.USBUART_1_Dp_ClearInterrupt
                0x00003af4       0x20 .\CortexM3\ARM_GCC_493\Debug\Node-Beaver_FE3.a(USBUART_1_Dp.o)
                0x00003af4                USBUART_1_Dp_ClearInterrupt
 .text.power_isr_StartEx
                0x00003b14       0x24 .\CortexM3\ARM_GCC_493\Debug\Node-Beaver_FE3.a(power_isr.o)
                0x00003b14                power_isr_StartEx
 .text.power_isr_SetVector
                0x00003b38       0x24 .\CortexM3\ARM_GCC_493\Debug\Node-Beaver_FE3.a(power_isr.o)
                0x00003b38                power_isr_SetVector
 .text.power_isr_SetPriority
                0x00003b5c       0x24 .\CortexM3\ARM_GCC_493\Debug\Node-Beaver_FE3.a(power_isr.o)
                0x00003b5c                power_isr_SetPriority
 .text.power_isr_Enable
                0x00003b80       0x18 .\CortexM3\ARM_GCC_493\Debug\Node-Beaver_FE3.a(power_isr.o)
                0x00003b80                power_isr_Enable
 .text.power_isr_Disable
                0x00003b98       0x18 .\CortexM3\ARM_GCC_493\Debug\Node-Beaver_FE3.a(power_isr.o)
                0x00003b98                power_isr_Disable
 .text.power_isr_ClearPending
                0x00003bb0       0x18 .\CortexM3\ARM_GCC_493\Debug\Node-Beaver_FE3.a(power_isr.o)
                0x00003bb0                power_isr_ClearPending
 .text.rtc_i2c_Init
                0x00003bc8       0x80 .\CortexM3\ARM_GCC_493\Debug\Node-Beaver_FE3.a(rtc_i2c.o)
                0x00003bc8                rtc_i2c_Init
 .text.rtc_i2c_Enable
                0x00003c48       0x44 .\CortexM3\ARM_GCC_493\Debug\Node-Beaver_FE3.a(rtc_i2c.o)
                0x00003c48                rtc_i2c_Enable
 .text.rtc_i2c_Start
                0x00003c8c       0x2c .\CortexM3\ARM_GCC_493\Debug\Node-Beaver_FE3.a(rtc_i2c.o)
                0x00003c8c                rtc_i2c_Start
 .text.rtc_i2c_ISR
                0x00003cb8      0x3ac .\CortexM3\ARM_GCC_493\Debug\Node-Beaver_FE3.a(rtc_i2c_INT.o)
                0x00003cb8                rtc_i2c_ISR
 .text.rtc_i2c_MasterSendStart
                0x00004064       0xbc .\CortexM3\ARM_GCC_493\Debug\Node-Beaver_FE3.a(rtc_i2c_MASTER.o)
                0x00004064                rtc_i2c_MasterSendStart
 .text.rtc_i2c_MasterSendStop
                0x00004120       0x58 .\CortexM3\ARM_GCC_493\Debug\Node-Beaver_FE3.a(rtc_i2c_MASTER.o)
                0x00004120                rtc_i2c_MasterSendStop
 .text.rtc_i2c_MasterWriteByte
                0x00004178       0x80 .\CortexM3\ARM_GCC_493\Debug\Node-Beaver_FE3.a(rtc_i2c_MASTER.o)
                0x00004178                rtc_i2c_MasterWriteByte
 .text.rtc_i2c_MasterReadByte
                0x000041f8       0x7c .\CortexM3\ARM_GCC_493\Debug\Node-Beaver_FE3.a(rtc_i2c_MASTER.o)
                0x000041f8                rtc_i2c_MasterReadByte
 .text.time_refresh_isr_StartEx
                0x00004274       0x24 .\CortexM3\ARM_GCC_493\Debug\Node-Beaver_FE3.a(time_refresh_isr.o)
                0x00004274                time_refresh_isr_StartEx
 .text.time_refresh_isr_SetVector
                0x00004298       0x24 .\CortexM3\ARM_GCC_493\Debug\Node-Beaver_FE3.a(time_refresh_isr.o)
                0x00004298                time_refresh_isr_SetVector
 .text.time_refresh_isr_SetPriority
                0x000042bc       0x24 .\CortexM3\ARM_GCC_493\Debug\Node-Beaver_FE3.a(time_refresh_isr.o)
                0x000042bc                time_refresh_isr_SetPriority
 .text.time_refresh_isr_Enable
                0x000042e0       0x18 .\CortexM3\ARM_GCC_493\Debug\Node-Beaver_FE3.a(time_refresh_isr.o)
                0x000042e0                time_refresh_isr_Enable
 .text.time_refresh_isr_Disable
                0x000042f8       0x18 .\CortexM3\ARM_GCC_493\Debug\Node-Beaver_FE3.a(time_refresh_isr.o)
                0x000042f8                time_refresh_isr_Disable
 .text.millis_timer_Init
                0x00004310       0x4c .\CortexM3\ARM_GCC_493\Debug\Node-Beaver_FE3.a(millis_timer.o)
                0x00004310                millis_timer_Init
 .text.millis_timer_Enable
                0x0000435c       0x20 .\CortexM3\ARM_GCC_493\Debug\Node-Beaver_FE3.a(millis_timer.o)
                0x0000435c                millis_timer_Enable
 .text.millis_timer_Start
                0x0000437c       0x20 .\CortexM3\ARM_GCC_493\Debug\Node-Beaver_FE3.a(millis_timer.o)
                0x0000437c                millis_timer_Start
 .text.millis_timer_SetInterruptMode
                0x0000439c       0x20 .\CortexM3\ARM_GCC_493\Debug\Node-Beaver_FE3.a(millis_timer.o)
                0x0000439c                millis_timer_SetInterruptMode
 .text.millis_timer_ReadStatusRegister
                0x000043bc       0x18 .\CortexM3\ARM_GCC_493\Debug\Node-Beaver_FE3.a(millis_timer.o)
                0x000043bc                millis_timer_ReadStatusRegister
 .text.millis_timer_WritePeriod
                0x000043d4       0x1c .\CortexM3\ARM_GCC_493\Debug\Node-Beaver_FE3.a(millis_timer.o)
                0x000043d4                millis_timer_WritePeriod
 .text.millis_timer_ReadCapture
                0x000043f0       0x18 .\CortexM3\ARM_GCC_493\Debug\Node-Beaver_FE3.a(millis_timer.o)
                0x000043f0                millis_timer_ReadCapture
 .text.millis_timer_WriteCounter
                0x00004408       0x1c .\CortexM3\ARM_GCC_493\Debug\Node-Beaver_FE3.a(millis_timer.o)
                0x00004408                millis_timer_WriteCounter
 .text.millis_timer_ReadCounter
                0x00004424       0x20 .\CortexM3\ARM_GCC_493\Debug\Node-Beaver_FE3.a(millis_timer.o)
                0x00004424                millis_timer_ReadCounter
 .text.millis_timer_ClearFIFO
                0x00004444       0x1c .\CortexM3\ARM_GCC_493\Debug\Node-Beaver_FE3.a(millis_timer.o)
                0x00004444                millis_timer_ClearFIFO
 .text.time_refresh_timer_Init
                0x00004460       0x4c .\CortexM3\ARM_GCC_493\Debug\Node-Beaver_FE3.a(time_refresh_timer.o)
                0x00004460                time_refresh_timer_Init
 .text.time_refresh_timer_Enable
                0x000044ac       0x20 .\CortexM3\ARM_GCC_493\Debug\Node-Beaver_FE3.a(time_refresh_timer.o)
                0x000044ac                time_refresh_timer_Enable
 .text.time_refresh_timer_Start
                0x000044cc       0x20 .\CortexM3\ARM_GCC_493\Debug\Node-Beaver_FE3.a(time_refresh_timer.o)
                0x000044cc                time_refresh_timer_Start
 .text.time_refresh_timer_SetInterruptMode
                0x000044ec       0x20 .\CortexM3\ARM_GCC_493\Debug\Node-Beaver_FE3.a(time_refresh_timer.o)
                0x000044ec                time_refresh_timer_SetInterruptMode
 .text.time_refresh_timer_ReadStatusRegister
                0x0000450c       0x18 .\CortexM3\ARM_GCC_493\Debug\Node-Beaver_FE3.a(time_refresh_timer.o)
                0x0000450c                time_refresh_timer_ReadStatusRegister
 .text.time_refresh_timer_WritePeriod
                0x00004524       0x1c .\CortexM3\ARM_GCC_493\Debug\Node-Beaver_FE3.a(time_refresh_timer.o)
                0x00004524                time_refresh_timer_WritePeriod
 .text.time_refresh_timer_ReadCapture
                0x00004540       0x1c .\CortexM3\ARM_GCC_493\Debug\Node-Beaver_FE3.a(time_refresh_timer.o)
                0x00004540                time_refresh_timer_ReadCapture
 .text.time_refresh_timer_WriteCounter
                0x0000455c       0x1c .\CortexM3\ARM_GCC_493\Debug\Node-Beaver_FE3.a(time_refresh_timer.o)
                0x0000455c                time_refresh_timer_WriteCounter
 .text.time_refresh_timer_ClearFIFO
                0x00004578       0x1c .\CortexM3\ARM_GCC_493\Debug\Node-Beaver_FE3.a(time_refresh_timer.o)
                0x00004578                time_refresh_timer_ClearFIFO
 .text.xbee_spi_Init
                0x00004594       0x6c .\CortexM3\ARM_GCC_493\Debug\Node-Beaver_FE3.a(xbee_spi.o)
                0x00004594                xbee_spi_Init
 .text.xbee_spi_Enable
                0x00004600       0x64 .\CortexM3\ARM_GCC_493\Debug\Node-Beaver_FE3.a(xbee_spi.o)
                0x00004600                xbee_spi_Enable
 .text.xbee_spi_Start
                0x00004664       0x20 .\CortexM3\ARM_GCC_493\Debug\Node-Beaver_FE3.a(xbee_spi.o)
                0x00004664                xbee_spi_Start
 .text.xbee_spi_EnableTxInt
                0x00004684       0x18 .\CortexM3\ARM_GCC_493\Debug\Node-Beaver_FE3.a(xbee_spi.o)
                0x00004684                xbee_spi_EnableTxInt
 .text.xbee_spi_EnableRxInt
                0x0000469c        0xc .\CortexM3\ARM_GCC_493\Debug\Node-Beaver_FE3.a(xbee_spi.o)
                0x0000469c                xbee_spi_EnableRxInt
 .text.xbee_spi_DisableTxInt
                0x000046a8       0x18 .\CortexM3\ARM_GCC_493\Debug\Node-Beaver_FE3.a(xbee_spi.o)
                0x000046a8                xbee_spi_DisableTxInt
 .text.xbee_spi_ReadTxStatus
                0x000046c0       0x3c .\CortexM3\ARM_GCC_493\Debug\Node-Beaver_FE3.a(xbee_spi.o)
                0x000046c0                xbee_spi_ReadTxStatus
 .text.xbee_spi_ReadRxStatus
                0x000046fc       0x20 .\CortexM3\ARM_GCC_493\Debug\Node-Beaver_FE3.a(xbee_spi.o)
                0x000046fc                xbee_spi_ReadRxStatus
 .text.xbee_spi_WriteTxData
                0x0000471c      0x110 .\CortexM3\ARM_GCC_493\Debug\Node-Beaver_FE3.a(xbee_spi.o)
                0x0000471c                xbee_spi_WriteTxData
 .text.xbee_spi_PutArray
                0x0000482c       0x38 .\CortexM3\ARM_GCC_493\Debug\Node-Beaver_FE3.a(xbee_spi.o)
                0x0000482c                xbee_spi_PutArray
 .text.xbee_spi_ClearFIFO
                0x00004864       0x5c .\CortexM3\ARM_GCC_493\Debug\Node-Beaver_FE3.a(xbee_spi.o)
                0x00004864                xbee_spi_ClearFIFO
 .text.xbee_spi_TX_ISR
                0x000048c0       0xd4 .\CortexM3\ARM_GCC_493\Debug\Node-Beaver_FE3.a(xbee_spi_INT.o)
                0x000048c0                xbee_spi_TX_ISR
 .text.xbee_spi_IntClock_Start
                0x00004994       0x34 .\CortexM3\ARM_GCC_493\Debug\Node-Beaver_FE3.a(xbee_spi_IntClock.o)
                0x00004994                xbee_spi_IntClock_Start
 .text.power_comp_Init
                0x000049c8       0x64 .\CortexM3\ARM_GCC_493\Debug\Node-Beaver_FE3.a(power_comp.o)
                0x000049c8                power_comp_Init
 .text.power_comp_Enable
                0x00004a2c       0x34 .\CortexM3\ARM_GCC_493\Debug\Node-Beaver_FE3.a(power_comp.o)
                0x00004a2c                power_comp_Enable
 .text.power_comp_Start
                0x00004a60       0x20 .\CortexM3\ARM_GCC_493\Debug\Node-Beaver_FE3.a(power_comp.o)
                0x00004a60                power_comp_Start
 .text.power_comp_SetSpeed
                0x00004a80       0x80 .\CortexM3\ARM_GCC_493\Debug\Node-Beaver_FE3.a(power_comp.o)
                0x00004a80                power_comp_SetSpeed
 .text.sd_timer_Init
                0x00004b00       0x4c .\CortexM3\ARM_GCC_493\Debug\Node-Beaver_FE3.a(sd_timer.o)
                0x00004b00                sd_timer_Init
 .text.sd_timer_Enable
                0x00004b4c       0x20 .\CortexM3\ARM_GCC_493\Debug\Node-Beaver_FE3.a(sd_timer.o)
                0x00004b4c                sd_timer_Enable
 .text.sd_timer_Start
                0x00004b6c       0x20 .\CortexM3\ARM_GCC_493\Debug\Node-Beaver_FE3.a(sd_timer.o)
                0x00004b6c                sd_timer_Start
 .text.sd_timer_SetInterruptMode
                0x00004b8c       0x20 .\CortexM3\ARM_GCC_493\Debug\Node-Beaver_FE3.a(sd_timer.o)
                0x00004b8c                sd_timer_SetInterruptMode
 .text.sd_timer_ReadStatusRegister
                0x00004bac       0x18 .\CortexM3\ARM_GCC_493\Debug\Node-Beaver_FE3.a(sd_timer.o)
                0x00004bac                sd_timer_ReadStatusRegister
 .text.sd_timer_WritePeriod
                0x00004bc4       0x1c .\CortexM3\ARM_GCC_493\Debug\Node-Beaver_FE3.a(sd_timer.o)
                0x00004bc4                sd_timer_WritePeriod
 .text.sd_timer_ReadCapture
                0x00004be0       0x1c .\CortexM3\ARM_GCC_493\Debug\Node-Beaver_FE3.a(sd_timer.o)
                0x00004be0                sd_timer_ReadCapture
 .text.sd_timer_WriteCounter
                0x00004bfc       0x1c .\CortexM3\ARM_GCC_493\Debug\Node-Beaver_FE3.a(sd_timer.o)
                0x00004bfc                sd_timer_WriteCounter
 .text.sd_timer_ClearFIFO
                0x00004c18       0x1c .\CortexM3\ARM_GCC_493\Debug\Node-Beaver_FE3.a(sd_timer.o)
                0x00004c18                sd_timer_ClearFIFO
 .text.sd_isr_StartEx
                0x00004c34       0x24 .\CortexM3\ARM_GCC_493\Debug\Node-Beaver_FE3.a(sd_isr.o)
                0x00004c34                sd_isr_StartEx
 .text.sd_isr_SetVector
                0x00004c58       0x24 .\CortexM3\ARM_GCC_493\Debug\Node-Beaver_FE3.a(sd_isr.o)
                0x00004c58                sd_isr_SetVector
 .text.sd_isr_SetPriority
                0x00004c7c       0x24 .\CortexM3\ARM_GCC_493\Debug\Node-Beaver_FE3.a(sd_isr.o)
                0x00004c7c                sd_isr_SetPriority
 .text.sd_isr_Enable
                0x00004ca0       0x18 .\CortexM3\ARM_GCC_493\Debug\Node-Beaver_FE3.a(sd_isr.o)
                0x00004ca0                sd_isr_Enable
 .text.sd_isr_Disable
                0x00004cb8       0x18 .\CortexM3\ARM_GCC_493\Debug\Node-Beaver_FE3.a(sd_isr.o)
                0x00004cb8                sd_isr_Disable
 .text          0x00004cd0       0x20 .\CortexM3\ARM_GCC_493\Debug\Node-Beaver_FE3.a(CyBootAsmGnu.o)
                0x00004cd0                CyDelayCycles
                0x00004ce0                CyEnterCriticalSection
                0x00004ce8                CyExitCriticalSection
 .text.CySetReg24
                0x00004cf0       0x38 .\CortexM3\ARM_GCC_493\Debug\Node-Beaver_FE3.a(cyutils.o)
                0x00004cf0                CySetReg24
 .text.USBUART_1_DispatchClassRqst
                0x00004d28       0x7c .\CortexM3\ARM_GCC_493\Debug\Node-Beaver_FE3.a(USBUART_1_cls.o)
                0x00004d28                USBUART_1_DispatchClassRqst
 .text._CopyString
                0x00004da4       0x1c .\emFile_V322c\LinkLibrary\PSoC5\GCC\libemf16noslfn.a(FAT_LFN.o)
 .text._CalcNumChar
                0x00004dc0       0x1e .\emFile_V322c\LinkLibrary\PSoC5\GCC\libemf16noslfn.a(FAT_LFN.o)
 .text._WriteName
                0x00004dde       0x32 .\emFile_V322c\LinkLibrary\PSoC5\GCC\libemf16noslfn.a(FAT_LFN.o)
 .text._ToUpper
                0x00004e10       0x10 .\emFile_V322c\LinkLibrary\PSoC5\GCC\libemf16noslfn.a(FAT_LFN.o)
 .text._CompareChar
                0x00004e20       0x44 .\emFile_V322c\LinkLibrary\PSoC5\GCC\libemf16noslfn.a(FAT_LFN.o)
 .text._CalcCheckSum
                0x00004e64       0x24 .\emFile_V322c\LinkLibrary\PSoC5\GCC\libemf16noslfn.a(FAT_LFN.o)
 .text._SetDirPosIndex
                0x00004e88        0x8 .\emFile_V322c\LinkLibrary\PSoC5\GCC\libemf16noslfn.a(FAT_LFN.o)
 .text.FS_FAT_SupportLFN
                0x00004e90       0x10 .\emFile_V322c\LinkLibrary\PSoC5\GCC\libemf16noslfn.a(FAT_LFN.o)
                0x00004e90                FS_FAT_SupportLFN
 .text._LFN_DelLongEntry
                0x00004ea0       0x5e .\emFile_V322c\LinkLibrary\PSoC5\GCC\libemf16noslfn.a(FAT_LFN.o)
 .text._CorrectTrail
                0x00004efe       0x28 .\emFile_V322c\LinkLibrary\PSoC5\GCC\libemf16noslfn.a(FAT_LFN.o)
 .text._CalcNumLongEntries
                0x00004f26       0x16 .\emFile_V322c\LinkLibrary\PSoC5\GCC\libemf16noslfn.a(FAT_LFN.o)
 .text._ComputeLongDirEntry
                0x00004f3c       0x88 .\emFile_V322c\LinkLibrary\PSoC5\GCC\libemf16noslfn.a(FAT_LFN.o)
 .text._LFN_FindDirEntry
                0x00004fc4      0x146 .\emFile_V322c\LinkLibrary\PSoC5\GCC\libemf16noslfn.a(FAT_LFN.o)
 .text._GenerateShortEntry
                0x0000510a       0xce .\emFile_V322c\LinkLibrary\PSoC5\GCC\libemf16noslfn.a(FAT_LFN.o)
 .text._LFN_ReadDirEntryInfo
                0x000051d8      0x1c6 .\emFile_V322c\LinkLibrary\PSoC5\GCC\libemf16noslfn.a(FAT_LFN.o)
 .text._LFN_CreateDirEntry
                0x0000539e      0x2a4 .\emFile_V322c\LinkLibrary\PSoC5\GCC\libemf16noslfn.a(FAT_LFN.o)
 .text._ClusterId2FATOff
                0x00005642       0x18 .\emFile_V322c\LinkLibrary\PSoC5\GCC\libemf16noslfn.a(FAT_Misc.o)
 .text._CalcLogClusterPos
                0x0000565a        0xe .\emFile_V322c\LinkLibrary\PSoC5\GCC\libemf16noslfn.a(FAT_Misc.o)
 .text._ReadFromFreeClusterCache
                0x00005668       0x46 .\emFile_V322c\LinkLibrary\PSoC5\GCC\libemf16noslfn.a(FAT_Misc.o)
 .text.FS_FAT_GetFATType
                0x000056ae       0x1a .\emFile_V322c\LinkLibrary\PSoC5\GCC\libemf16noslfn.a(FAT_Misc.o)
                0x000056ae                FS_FAT_GetFATType
 .text.FS_FAT_ClusterId2SectorNo
                0x000056c8        0xc .\emFile_V322c\LinkLibrary\PSoC5\GCC\libemf16noslfn.a(FAT_Misc.o)
                0x000056c8                FS_FAT_ClusterId2SectorNo
 .text.FS_FAT_IsValidShortNameChar
                0x000056d4       0x34 .\emFile_V322c\LinkLibrary\PSoC5\GCC\libemf16noslfn.a(FAT_Misc.o)
                0x000056d4                FS_FAT_IsValidShortNameChar
 .text.FS_FAT_CopyShortName
                0x00005708       0x56 .\emFile_V322c\LinkLibrary\PSoC5\GCC\libemf16noslfn.a(FAT_Misc.o)
                0x00005708                FS_FAT_CopyShortName
 .text._SFN_CreateDirEntry
                0x0000575e       0x5a .\emFile_V322c\LinkLibrary\PSoC5\GCC\libemf16noslfn.a(FAT_Misc.o)
 .text._SFN_FindDirEntry
                0x000057b8       0x10 .\emFile_V322c\LinkLibrary\PSoC5\GCC\libemf16noslfn.a(FAT_Misc.o)
 .text.FS_FAT_FindDirEntry
                0x000057c8       0x60 .\emFile_V322c\LinkLibrary\PSoC5\GCC\libemf16noslfn.a(FAT_Misc.o)
                0x000057c8                FS_FAT_FindDirEntry
 .text.FS_FAT_CopyDirEntryInfo
                0x00005828       0x50 .\emFile_V322c\LinkLibrary\PSoC5\GCC\libemf16noslfn.a(FAT_Misc.o)
                0x00005828                FS_FAT_CopyDirEntryInfo
 .text._SFN_ReadDirEntryInfo
                0x00005878       0x6e .\emFile_V322c\LinkLibrary\PSoC5\GCC\libemf16noslfn.a(FAT_Misc.o)
 .text._SetFATSector
                0x000058e6        0x6 .\emFile_V322c\LinkLibrary\PSoC5\GCC\libemf16noslfn.a(FAT_Misc.o)
 .text._WriteFATEntry
                0x000058ec      0x152 .\emFile_V322c\LinkLibrary\PSoC5\GCC\libemf16noslfn.a(FAT_Misc.o)
 .text.FS_FAT_MarkClusterEOC
                0x00005a3e        0x8 .\emFile_V322c\LinkLibrary\PSoC5\GCC\libemf16noslfn.a(FAT_Misc.o)
                0x00005a3e                FS_FAT_MarkClusterEOC
 .text.FS_FAT_SyncFAT
                0x00005a46       0x3c .\emFile_V322c\LinkLibrary\PSoC5\GCC\libemf16noslfn.a(FAT_Misc.o)
                0x00005a46                FS_FAT_SyncFAT
 .text.FS_FAT_LinkCluster
                0x00005a82       0x1c .\emFile_V322c\LinkLibrary\PSoC5\GCC\libemf16noslfn.a(FAT_Misc.o)
                0x00005a82                FS_FAT_LinkCluster
 .text.FS_FAT_ReadFATEntry
                0x00005a9e       0xb2 .\emFile_V322c\LinkLibrary\PSoC5\GCC\libemf16noslfn.a(FAT_Misc.o)
                0x00005a9e                FS_FAT_ReadFATEntry
 .text.FS_FAT_GetNumAdjClustersInChain
                0x00005b50       0x64 .\emFile_V322c\LinkLibrary\PSoC5\GCC\libemf16noslfn.a(FAT_Misc.o)
                0x00005b50                FS_FAT_GetNumAdjClustersInChain
 .text.FS_FAT_WalkClusterEx
                0x00005bb4       0x5c .\emFile_V322c\LinkLibrary\PSoC5\GCC\libemf16noslfn.a(FAT_Misc.o)
                0x00005bb4                FS_FAT_WalkClusterEx
 .text.FS_FAT_GotoCluster
                0x00005c10       0x88 .\emFile_V322c\LinkLibrary\PSoC5\GCC\libemf16noslfn.a(FAT_Misc.o)
                0x00005c10                FS_FAT_GotoCluster
 .text.FS_FAT_WalkCluster
                0x00005c98       0x18 .\emFile_V322c\LinkLibrary\PSoC5\GCC\libemf16noslfn.a(FAT_Misc.o)
                0x00005c98                FS_FAT_WalkCluster
 .text.FS_FAT_FindLastCluster
                0x00005cb0       0x34 .\emFile_V322c\LinkLibrary\PSoC5\GCC\libemf16noslfn.a(FAT_Misc.o)
                0x00005cb0                FS_FAT_FindLastCluster
 .text._CalcFreeClusterCnt
                0x00005ce4       0x88 .\emFile_V322c\LinkLibrary\PSoC5\GCC\libemf16noslfn.a(FAT_Misc.o)
 .text.FS_FAT_FindFreeCluster
                0x00005d6c       0xa8 .\emFile_V322c\LinkLibrary\PSoC5\GCC\libemf16noslfn.a(FAT_Misc.o)
                0x00005d6c                FS_FAT_FindFreeCluster
 .text.FS_FAT_AllocCluster
                0x00005e14       0x20 .\emFile_V322c\LinkLibrary\PSoC5\GCC\libemf16noslfn.a(FAT_Misc.o)
                0x00005e14                FS_FAT_AllocCluster
 .text._WriteEmptyFATSectors
                0x00005e34       0x3c .\emFile_V322c\LinkLibrary\PSoC5\GCC\libemf16noslfn.a(FAT_Misc.o)
 .text.FS_FAT_FreeClusterChain
                0x00005e70       0xe0 .\emFile_V322c\LinkLibrary\PSoC5\GCC\libemf16noslfn.a(FAT_Misc.o)
                0x00005e70                FS_FAT_FreeClusterChain
 .text.FS_FAT_CheckBPB
                0x00005f50      0x14c .\emFile_V322c\LinkLibrary\PSoC5\GCC\libemf16noslfn.a(FAT_Misc.o)
                0x00005f50                FS_FAT_CheckBPB
 .text.FS_FAT_InitDirEntryScan
                0x0000609c       0x14 .\emFile_V322c\LinkLibrary\PSoC5\GCC\libemf16noslfn.a(FAT_Open.o)
                0x0000609c                FS_FAT_InitDirEntryScan
 .text.FS_FAT_IncDirPos
                0x000060b0        0x8 .\emFile_V322c\LinkLibrary\PSoC5\GCC\libemf16noslfn.a(FAT_Open.o)
                0x000060b0                FS_FAT_IncDirPos
 .text._CopyDirText
                0x000060b8       0x44 .\emFile_V322c\LinkLibrary\PSoC5\GCC\libemf16noslfn.a(FAT_Open.o)
 .text.FS_FAT_Make83Name
                0x000060fc       0xb0 .\emFile_V322c\LinkLibrary\PSoC5\GCC\libemf16noslfn.a(FAT_Open.o)
                0x000060fc                FS_FAT_Make83Name
 .text.FS_FAT_GetDirEntry
                0x000061ac       0xb2 .\emFile_V322c\LinkLibrary\PSoC5\GCC\libemf16noslfn.a(FAT_Open.o)
                0x000061ac                FS_FAT_GetDirEntry
 .text.FS_FAT_FindDirEntryShortEx
                0x0000625e       0x5a .\emFile_V322c\LinkLibrary\PSoC5\GCC\libemf16noslfn.a(FAT_Open.o)
                0x0000625e                FS_FAT_FindDirEntryShortEx
 .text.FS_FAT_FindDirEntryShort
                0x000062b8       0x36 .\emFile_V322c\LinkLibrary\PSoC5\GCC\libemf16noslfn.a(FAT_Open.o)
                0x000062b8                FS_FAT_FindDirEntryShort
 .text.FS_FAT_FindEmptyDirEntry
                0x000062ee       0xb0 .\emFile_V322c\LinkLibrary\PSoC5\GCC\libemf16noslfn.a(FAT_Open.o)
                0x000062ee                FS_FAT_FindEmptyDirEntry
 .text.FS_FAT_GetFirstCluster
                0x0000639e       0x1a .\emFile_V322c\LinkLibrary\PSoC5\GCC\libemf16noslfn.a(FAT_Open.o)
                0x0000639e                FS_FAT_GetFirstCluster
 .text.FS_FAT_FindPath
                0x000063b8       0x7a .\emFile_V322c\LinkLibrary\PSoC5\GCC\libemf16noslfn.a(FAT_Open.o)
                0x000063b8                FS_FAT_FindPath
 .text.FS_FAT_DeleteFileOrDir
                0x00006432       0x48 .\emFile_V322c\LinkLibrary\PSoC5\GCC\libemf16noslfn.a(FAT_Open.o)
                0x00006432                FS_FAT_DeleteFileOrDir
 *fill*         0x0000647a        0x2 
 .text.FS_FAT_Open
                0x0000647c      0x1dc .\emFile_V322c\LinkLibrary\PSoC5\GCC\libemf16noslfn.a(FAT_Open.o)
                0x0000647c                FS_FAT_Open
 .text.FS_FAT_WriteDirEntryCluster
                0x00006658       0x1c .\emFile_V322c\LinkLibrary\PSoC5\GCC\libemf16noslfn.a(FAT_Open.o)
                0x00006658                FS_FAT_WriteDirEntryCluster
 .text.FS_FAT_WriteDirEntry83
                0x00006674       0x6c .\emFile_V322c\LinkLibrary\PSoC5\GCC\libemf16noslfn.a(FAT_Open.o)
                0x00006674                FS_FAT_WriteDirEntry83
 .text.FS_FAT_Clean
                0x000066e0        0x2 .\emFile_V322c\LinkLibrary\PSoC5\GCC\libemf16noslfn.a(FAT_Write.o)
                0x000066e0                FS_FAT_Clean
 .text._WriteBurst
                0x000066e2       0x24 .\emFile_V322c\LinkLibrary\PSoC5\GCC\libemf16noslfn.a(FAT_Write.o)
 *fill*         0x00006706        0x2 
 .text.FS_FAT_GotoClusterAllocIfReq
                0x00006708       0xa8 .\emFile_V322c\LinkLibrary\PSoC5\GCC\libemf16noslfn.a(FAT_Write.o)
                0x00006708                FS_FAT_GotoClusterAllocIfReq
 .text.FS_FAT_UpdateDirEntry
                0x000067b0       0x68 .\emFile_V322c\LinkLibrary\PSoC5\GCC\libemf16noslfn.a(FAT_Write.o)
                0x000067b0                FS_FAT_UpdateDirEntry
 .text.FS_FAT_Close
                0x00006818       0x44 .\emFile_V322c\LinkLibrary\PSoC5\GCC\libemf16noslfn.a(FAT_Write.o)
                0x00006818                FS_FAT_Close
 .text.FS_FAT_Write
                0x0000685c      0x1c8 .\emFile_V322c\LinkLibrary\PSoC5\GCC\libemf16noslfn.a(FAT_Write.o)
                0x0000685c                FS_FAT_Write
 .text.FS__GetFileAttributes
                0x00006a24       0x38 .\emFile_V322c\LinkLibrary\PSoC5\GCC\libemf16noslfn.a(FS_Attrib.o)
                0x00006a24                FS__GetFileAttributes
 .text.FS_GetFileAttributes
                0x00006a5c        0x4 .\emFile_V322c\LinkLibrary\PSoC5\GCC\libemf16noslfn.a(FS_Attrib.o)
                0x00006a5c                FS_GetFileAttributes
 .text.FS__CLIB_memcmp
                0x00006a60       0x20 .\emFile_V322c\LinkLibrary\PSoC5\GCC\libemf16noslfn.a(FS_CLib.o)
                0x00006a60                FS__CLIB_memcmp
 .text.FS__CLIB_memset
                0x00006a80       0x6c .\emFile_V322c\LinkLibrary\PSoC5\GCC\libemf16noslfn.a(FS_CLib.o)
                0x00006a80                FS__CLIB_memset
 .text.FS__CLIB_strcmp
                0x00006aec       0x1a .\emFile_V322c\LinkLibrary\PSoC5\GCC\libemf16noslfn.a(FS_CLib.o)
                0x00006aec                FS__CLIB_strcmp
 .text.FS__CLIB_strlen
                0x00006b06       0x10 .\emFile_V322c\LinkLibrary\PSoC5\GCC\libemf16noslfn.a(FS_CLib.o)
                0x00006b06                FS__CLIB_strlen
 .text.FS__CLIB_strncmp
                0x00006b16       0x26 .\emFile_V322c\LinkLibrary\PSoC5\GCC\libemf16noslfn.a(FS_CLib.o)
                0x00006b16                FS__CLIB_strncmp
 .text.FS__CLIB_toupper
                0x00006b3c        0xe .\emFile_V322c\LinkLibrary\PSoC5\GCC\libemf16noslfn.a(FS_CLib.o)
                0x00006b3c                FS__CLIB_toupper
 .text.FS__strchr
                0x00006b4a       0x14 .\emFile_V322c\LinkLibrary\PSoC5\GCC\libemf16noslfn.a(FS_Core.o)
                0x00006b4a                FS__strchr
 .text.FS_LoadU32BE
                0x00006b5e       0x18 .\emFile_V322c\LinkLibrary\PSoC5\GCC\libemf16noslfn.a(FS_Core.o)
                0x00006b5e                FS_LoadU32BE
 .text.FS_LoadU32LE
                0x00006b76       0x16 .\emFile_V322c\LinkLibrary\PSoC5\GCC\libemf16noslfn.a(FS_Core.o)
                0x00006b76                FS_LoadU32LE
 .text.FS_StoreU32LE
                0x00006b8c       0x14 .\emFile_V322c\LinkLibrary\PSoC5\GCC\libemf16noslfn.a(FS_Core.o)
                0x00006b8c                FS_StoreU32LE
 .text.FS_StoreU16LE
                0x00006ba0        0x8 .\emFile_V322c\LinkLibrary\PSoC5\GCC\libemf16noslfn.a(FS_Core.o)
                0x00006ba0                FS_StoreU16LE
 .text.FS_LoadU16LE
                0x00006ba8        0xa .\emFile_V322c\LinkLibrary\PSoC5\GCC\libemf16noslfn.a(FS_Core.o)
                0x00006ba8                FS_LoadU16LE
 *fill*         0x00006bb2        0x2 
 .text._Alloc   0x00006bb4       0x30 .\emFile_V322c\LinkLibrary\PSoC5\GCC\libemf16noslfn.a(FS_Core.o)
 .text.FS_Alloc
                0x00006be4        0xc .\emFile_V322c\LinkLibrary\PSoC5\GCC\libemf16noslfn.a(FS_Core.o)
                0x00006be4                FS_Alloc
 .text.FS_TryAlloc
                0x00006bf0        0x4 .\emFile_V322c\LinkLibrary\PSoC5\GCC\libemf16noslfn.a(FS_Core.o)
                0x00006bf0                FS_TryAlloc
 .text.FS_Free  0x00006bf4       0x1c .\emFile_V322c\LinkLibrary\PSoC5\GCC\libemf16noslfn.a(FS_Core.o)
                0x00006bf4                FS_Free
 .text.FS_AssignMemory
                0x00006c10        0xc .\emFile_V322c\LinkLibrary\PSoC5\GCC\libemf16noslfn.a(FS_Core.o)
                0x00006c10                FS_AssignMemory
 .text.FS_AllocZeroed
                0x00006c1c       0x16 .\emFile_V322c\LinkLibrary\PSoC5\GCC\libemf16noslfn.a(FS_Core.o)
                0x00006c1c                FS_AllocZeroed
 *fill*         0x00006c32        0x2 
 .text.FS_STORAGE_Init
                0x00006c34       0x28 .\emFile_V322c\LinkLibrary\PSoC5\GCC\libemf16noslfn.a(FS_Core.o)
                0x00006c34                FS_STORAGE_Init
 .text.FS__MkDir
                0x00006c5c       0x24 .\emFile_V322c\LinkLibrary\PSoC5\GCC\libemf16noslfn.a(FS_Dir.o)
                0x00006c5c                FS__MkDir
 .text.FS_MkDir
                0x00006c80        0x4 .\emFile_V322c\LinkLibrary\PSoC5\GCC\libemf16noslfn.a(FS_Dir.o)
                0x00006c80                FS_MkDir
 .text._ClrBusyLED
                0x00006c84        0xc .\emFile_V322c\LinkLibrary\PSoC5\GCC\libemf16noslfn.a(FS_LogBlock.o)
 .text._SetBusyLED
                0x00006c90        0xc .\emFile_V322c\LinkLibrary\PSoC5\GCC\libemf16noslfn.a(FS_LogBlock.o)
 .text._Read    0x00006c9c        0xc .\emFile_V322c\LinkLibrary\PSoC5\GCC\libemf16noslfn.a(FS_LogBlock.o)
 .text._Write   0x00006ca8       0x12 .\emFile_V322c\LinkLibrary\PSoC5\GCC\libemf16noslfn.a(FS_LogBlock.o)
 .text.FS_LB_GetStatus
                0x00006cba        0xc .\emFile_V322c\LinkLibrary\PSoC5\GCC\libemf16noslfn.a(FS_LogBlock.o)
                0x00006cba                FS_LB_GetStatus
 .text.FS_LB_InitMedium
                0x00006cc6       0x1a .\emFile_V322c\LinkLibrary\PSoC5\GCC\libemf16noslfn.a(FS_LogBlock.o)
                0x00006cc6                FS_LB_InitMedium
 .text.FS_LB_InitMediumIfRequired
                0x00006ce0       0x10 .\emFile_V322c\LinkLibrary\PSoC5\GCC\libemf16noslfn.a(FS_LogBlock.o)
                0x00006ce0                FS_LB_InitMediumIfRequired
 .text.FS_LB_ReadDevice
                0x00006cf0       0x2e .\emFile_V322c\LinkLibrary\PSoC5\GCC\libemf16noslfn.a(FS_LogBlock.o)
                0x00006cf0                FS_LB_ReadDevice
 .text.FS_LB_ReadPart
                0x00006d1e        0xe .\emFile_V322c\LinkLibrary\PSoC5\GCC\libemf16noslfn.a(FS_LogBlock.o)
                0x00006d1e                FS_LB_ReadPart
 .text.FS_LB_ReadBurst
                0x00006d2c       0x38 .\emFile_V322c\LinkLibrary\PSoC5\GCC\libemf16noslfn.a(FS_LogBlock.o)
                0x00006d2c                FS_LB_ReadBurst
 .text.FS_LB_ReadBurstPart
                0x00006d64       0x14 .\emFile_V322c\LinkLibrary\PSoC5\GCC\libemf16noslfn.a(FS_LogBlock.o)
                0x00006d64                FS_LB_ReadBurstPart
 .text.FS_LB_WriteBurst
                0x00006d78       0x30 .\emFile_V322c\LinkLibrary\PSoC5\GCC\libemf16noslfn.a(FS_LogBlock.o)
                0x00006d78                FS_LB_WriteBurst
 .text.FS_LB_WriteBurstPart
                0x00006da8       0x14 .\emFile_V322c\LinkLibrary\PSoC5\GCC\libemf16noslfn.a(FS_LogBlock.o)
                0x00006da8                FS_LB_WriteBurstPart
 .text.FS_LB_WriteMultiple
                0x00006dbc       0x30 .\emFile_V322c\LinkLibrary\PSoC5\GCC\libemf16noslfn.a(FS_LogBlock.o)
                0x00006dbc                FS_LB_WriteMultiple
 .text.FS_LB_WriteMultiplePart
                0x00006dec       0x14 .\emFile_V322c\LinkLibrary\PSoC5\GCC\libemf16noslfn.a(FS_LogBlock.o)
                0x00006dec                FS_LB_WriteMultiplePart
 .text.FS_LB_WriteDevice
                0x00006e00       0x36 .\emFile_V322c\LinkLibrary\PSoC5\GCC\libemf16noslfn.a(FS_LogBlock.o)
                0x00006e00                FS_LB_WriteDevice
 .text.FS_LB_WritePart
                0x00006e36        0xe .\emFile_V322c\LinkLibrary\PSoC5\GCC\libemf16noslfn.a(FS_LogBlock.o)
                0x00006e36                FS_LB_WritePart
 .text.FS_LB_Ioctl
                0x00006e44       0x2a .\emFile_V322c\LinkLibrary\PSoC5\GCC\libemf16noslfn.a(FS_LogBlock.o)
                0x00006e44                FS_LB_Ioctl
 .text.FS_GetSectorSize
                0x00006e6e       0x28 .\emFile_V322c\LinkLibrary\PSoC5\GCC\libemf16noslfn.a(FS_LogBlock.o)
                0x00006e6e                FS_GetSectorSize
 .text.FS_LB_GetDeviceInfo
                0x00006e96       0x26 .\emFile_V322c\LinkLibrary\PSoC5\GCC\libemf16noslfn.a(FS_LogBlock.o)
                0x00006e96                FS_LB_GetDeviceInfo
 .text.FS_memcpy
                0x00006ebc      0x120 .\emFile_V322c\LinkLibrary\PSoC5\GCC\libemf16noslfn.a(FS_memcpy.o)
                0x00006ebc                FS_memcpy
 .text.FS__AllocSectorBuffer
                0x00006fdc       0x2c .\emFile_V322c\LinkLibrary\PSoC5\GCC\libemf16noslfn.a(FS_Misc.o)
                0x00006fdc                FS__AllocSectorBuffer
 .text.FS__FreeSectorBuffer
                0x00007008       0x28 .\emFile_V322c\LinkLibrary\PSoC5\GCC\libemf16noslfn.a(FS_Misc.o)
                0x00007008                FS__FreeSectorBuffer
 .text.FS__SB_MarkDirty
                0x00007030        0x6 .\emFile_V322c\LinkLibrary\PSoC5\GCC\libemf16noslfn.a(FS_Misc.o)
                0x00007030                FS__SB_MarkDirty
 .text.FS__SB_MarkNotDirty
                0x00007036        0x6 .\emFile_V322c\LinkLibrary\PSoC5\GCC\libemf16noslfn.a(FS_Misc.o)
                0x00007036                FS__SB_MarkNotDirty
 .text.FS__FreeFileHandle
                0x0000703c        0xa .\emFile_V322c\LinkLibrary\PSoC5\GCC\libemf16noslfn.a(FS_Misc.o)
                0x0000703c                FS__FreeFileHandle
 .text.FS__FreeFileObj
                0x00007046        0xc .\emFile_V322c\LinkLibrary\PSoC5\GCC\libemf16noslfn.a(FS_Misc.o)
                0x00007046                FS__FreeFileObj
 *fill*         0x00007052        0x2 
 .text.FS_SetFileWriteMode
                0x00007054        0xc .\emFile_V322c\LinkLibrary\PSoC5\GCC\libemf16noslfn.a(FS_Misc.o)
                0x00007054                FS_SetFileWriteMode
 .text.FS_Init  0x00007060       0x58 .\emFile_V322c\LinkLibrary\PSoC5\GCC\libemf16noslfn.a(FS_Misc.o)
                0x00007060                FS_Init
 .text.FS__SB_Create
                0x000070b8       0x28 .\emFile_V322c\LinkLibrary\PSoC5\GCC\libemf16noslfn.a(FS_Misc.o)
                0x000070b8                FS__SB_Create
 .text.FS__FCloseNL
                0x000070e0       0x1e .\emFile_V322c\LinkLibrary\PSoC5\GCC\libemf16noslfn.a(FS_Misc.o)
                0x000070e0                FS__FCloseNL
 .text.FS__FClose
                0x000070fe       0x1a .\emFile_V322c\LinkLibrary\PSoC5\GCC\libemf16noslfn.a(FS_Misc.o)
                0x000070fe                FS__FClose
 .text.FS_FClose
                0x00007118        0xa .\emFile_V322c\LinkLibrary\PSoC5\GCC\libemf16noslfn.a(FS_Misc.o)
                0x00007118                FS_FClose
 *fill*         0x00007122        0x2 
 .text.FS__AllocFileObj
                0x00007124       0x48 .\emFile_V322c\LinkLibrary\PSoC5\GCC\libemf16noslfn.a(FS_Misc.o)
                0x00007124                FS__AllocFileObj
 .text.FS__AllocFileHandle
                0x0000716c       0x40 .\emFile_V322c\LinkLibrary\PSoC5\GCC\libemf16noslfn.a(FS_Misc.o)
                0x0000716c                FS__AllocFileHandle
 .text.FS__OpenEx
                0x000071ac       0x58 .\emFile_V322c\LinkLibrary\PSoC5\GCC\libemf16noslfn.a(FS_Misc.o)
                0x000071ac                FS__OpenEx
 .text.FS__FOpenEx
                0x00007204       0x56 .\emFile_V322c\LinkLibrary\PSoC5\GCC\libemf16noslfn.a(FS_Misc.o)
                0x00007204                FS__FOpenEx
 *fill*         0x0000725a        0x2 
 .text.FS__FOpen
                0x0000725c       0x48 .\emFile_V322c\LinkLibrary\PSoC5\GCC\libemf16noslfn.a(FS_Misc.o)
                0x0000725c                FS__FOpen
 .text.FS_FOpen
                0x000072a4        0x4 .\emFile_V322c\LinkLibrary\PSoC5\GCC\libemf16noslfn.a(FS_Misc.o)
                0x000072a4                FS_FOpen
 .text.FS__Remove
                0x000072a8       0x28 .\emFile_V322c\LinkLibrary\PSoC5\GCC\libemf16noslfn.a(FS_Misc.o)
                0x000072a8                FS__Remove
 .text.FS_Remove
                0x000072d0        0x4 .\emFile_V322c\LinkLibrary\PSoC5\GCC\libemf16noslfn.a(FS_Misc.o)
                0x000072d0                FS_Remove
 .text.FS__SB_Write
                0x000072d4       0x24 .\emFile_V322c\LinkLibrary\PSoC5\GCC\libemf16noslfn.a(FS_Misc.o)
                0x000072d4                FS__SB_Write
 .text._SB_Clean
                0x000072f8       0x24 .\emFile_V322c\LinkLibrary\PSoC5\GCC\libemf16noslfn.a(FS_Misc.o)
 .text.FS__SB_SetSector
                0x0000731c       0x20 .\emFile_V322c\LinkLibrary\PSoC5\GCC\libemf16noslfn.a(FS_Misc.o)
                0x0000731c                FS__SB_SetSector
 .text.FS__SB_MarkValid
                0x0000733c       0x10 .\emFile_V322c\LinkLibrary\PSoC5\GCC\libemf16noslfn.a(FS_Misc.o)
                0x0000733c                FS__SB_MarkValid
 .text.FS__SB_Clean
                0x0000734c        0x4 .\emFile_V322c\LinkLibrary\PSoC5\GCC\libemf16noslfn.a(FS_Misc.o)
                0x0000734c                FS__SB_Clean
 .text.FS__SB_Delete
                0x00007350       0x12 .\emFile_V322c\LinkLibrary\PSoC5\GCC\libemf16noslfn.a(FS_Misc.o)
                0x00007350                FS__SB_Delete
 .text.FS__SB_Flush
                0x00007362        0x8 .\emFile_V322c\LinkLibrary\PSoC5\GCC\libemf16noslfn.a(FS_Misc.o)
                0x00007362                FS__SB_Flush
 .text.FS__SB_Read
                0x0000736a       0x2a .\emFile_V322c\LinkLibrary\PSoC5\GCC\libemf16noslfn.a(FS_Misc.o)
                0x0000736a                FS__SB_Read
 .text.FS__Read
                0x00007394       0x2e .\emFile_V322c\LinkLibrary\PSoC5\GCC\libemf16noslfn.a(FS_Read.o)
                0x00007394                FS__Read
 .text.FS_Read  0x000073c2        0x4 .\emFile_V322c\LinkLibrary\PSoC5\GCC\libemf16noslfn.a(FS_Read.o)
                0x000073c2                FS_Read
 .text.FS__AddPhysDevice
                0x000073c6       0x10 .\emFile_V322c\LinkLibrary\PSoC5\GCC\libemf16noslfn.a(FS_Storage.o)
                0x000073c6                FS__AddPhysDevice
 *fill*         0x000073d6        0x2 
 .text.FS_GetNumVolumes
                0x000073d8        0xc .\emFile_V322c\LinkLibrary\PSoC5\GCC\libemf16noslfn.a(FS_Storage.o)
                0x000073d8                FS_GetNumVolumes
 .text.FS__FindVolume
                0x000073e4       0x78 .\emFile_V322c\LinkLibrary\PSoC5\GCC\libemf16noslfn.a(FS_Storage.o)
                0x000073e4                FS__FindVolume
 .text.FS__AddDevice
                0x0000745c       0x68 .\emFile_V322c\LinkLibrary\PSoC5\GCC\libemf16noslfn.a(FS_Storage.o)
                0x0000745c                FS__AddDevice
 .text.FS_AddDevice
                0x000074c4        0x4 .\emFile_V322c\LinkLibrary\PSoC5\GCC\libemf16noslfn.a(FS_Storage.o)
                0x000074c4                FS_AddDevice
 .text.FS__IoCtlNL
                0x000074c8       0x36 .\emFile_V322c\LinkLibrary\PSoC5\GCC\libemf16noslfn.a(FS_Storage.o)
                0x000074c8                FS__IoCtlNL
 .text.FS__IoCtl
                0x000074fe        0xa .\emFile_V322c\LinkLibrary\PSoC5\GCC\libemf16noslfn.a(FS_Storage.o)
                0x000074fe                FS__IoCtl
 .text.FS__STORAGE_Sync
                0x00007508       0x10 .\emFile_V322c\LinkLibrary\PSoC5\GCC\libemf16noslfn.a(FS_Storage.o)
                0x00007508                FS__STORAGE_Sync
 .text.FS_FileTimeToTimeStamp
                0x00007518       0x34 .\emFile_V322c\LinkLibrary\PSoC5\GCC\libemf16noslfn.a(FS_Time.o)
                0x00007518                FS_FileTimeToTimeStamp
 .text.FS__SetFileTimeEx
                0x0000754c       0x44 .\emFile_V322c\LinkLibrary\PSoC5\GCC\libemf16noslfn.a(FS_Time.o)
                0x0000754c                FS__SetFileTimeEx
 .text.FS_SetFileTime
                0x00007590        0x6 .\emFile_V322c\LinkLibrary\PSoC5\GCC\libemf16noslfn.a(FS_Time.o)
                0x00007590                FS_SetFileTime
 *fill*         0x00007596        0x2 
 .text.FS__UnmountForcedNL
                0x00007598       0x54 .\emFile_V322c\LinkLibrary\PSoC5\GCC\libemf16noslfn.a(FS_Unmount.o)
                0x00007598                FS__UnmountForcedNL
 .text.FS__UnmountForced
                0x000075ec        0x4 .\emFile_V322c\LinkLibrary\PSoC5\GCC\libemf16noslfn.a(FS_Unmount.o)
                0x000075ec                FS__UnmountForced
 .text.FS__Unmount
                0x000075f0       0x60 .\emFile_V322c\LinkLibrary\PSoC5\GCC\libemf16noslfn.a(FS_Unmount.o)
                0x000075f0                FS__Unmount
 .text.FS_Unmount
                0x00007650       0x14 .\emFile_V322c\LinkLibrary\PSoC5\GCC\libemf16noslfn.a(FS_Unmount.o)
                0x00007650                FS_Unmount
 .text.FS__Sync
                0x00007664       0x40 .\emFile_V322c\LinkLibrary\PSoC5\GCC\libemf16noslfn.a(FS_Volume.o)
                0x00007664                FS__Sync
 .text.FS_Sync  0x000076a4       0x16 .\emFile_V322c\LinkLibrary\PSoC5\GCC\libemf16noslfn.a(FS_Volume.o)
                0x000076a4                FS_Sync
 .text._Mount   0x000076ba       0x2e .\emFile_V322c\LinkLibrary\PSoC5\GCC\libemf16noslfn.a(FS_Volume.o)
 .text.FS__AutoMount
                0x000076e8       0x14 .\emFile_V322c\LinkLibrary\PSoC5\GCC\libemf16noslfn.a(FS_Volume.o)
                0x000076e8                FS__AutoMount
 .text.FS__Write
                0x000076fc       0x3a .\emFile_V322c\LinkLibrary\PSoC5\GCC\libemf16noslfn.a(FS_Write.o)
                0x000076fc                FS__Write
 .text.FS_Write
                0x00007736        0x4 .\emFile_V322c\LinkLibrary\PSoC5\GCC\libemf16noslfn.a(FS_Write.o)
                0x00007736                FS_Write
 *fill*         0x0000773a        0x2 
 .text.FS_FAT_CreateDirEx
                0x0000773c      0x110 .\emFile_V322c\LinkLibrary\PSoC5\GCC\libemf16noslfn.a(FAT_Dir.o)
                0x0000773c                FS_FAT_CreateDirEx
 .text.FS_FAT_CreateDir
                0x0000784c       0x64 .\emFile_V322c\LinkLibrary\PSoC5\GCC\libemf16noslfn.a(FAT_Dir.o)
                0x0000784c                FS_FAT_CreateDir
 .text.FS_FAT_SetDirEntryInfo
                0x000078b0       0xb2 .\emFile_V322c\LinkLibrary\PSoC5\GCC\libemf16noslfn.a(FAT_DirEntry.o)
                0x000078b0                FS_FAT_SetDirEntryInfo
 .text.FS_FAT_GetDirEntryInfo
                0x00007962       0x90 .\emFile_V322c\LinkLibrary\PSoC5\GCC\libemf16noslfn.a(FAT_DirEntry.o)
                0x00007962                FS_FAT_GetDirEntryInfo
 .text._ReadBurst
                0x000079f2       0x24 .\emFile_V322c\LinkLibrary\PSoC5\GCC\libemf16noslfn.a(FAT_Read.o)
 .text.FS_FAT_Read
                0x00007a16      0x194 .\emFile_V322c\LinkLibrary\PSoC5\GCC\libemf16noslfn.a(FAT_Read.o)
                0x00007a16                FS_FAT_Read
 .text._IsBPB   0x00007baa       0x1e .\emFile_V322c\LinkLibrary\PSoC5\GCC\libemf16noslfn.a(FS_Partition.o)
 .text._HasSignature
                0x00007bc8       0x18 .\emFile_V322c\LinkLibrary\PSoC5\GCC\libemf16noslfn.a(FS_Partition.o)
 .text._GetPartitionStartSector
                0x00007be0        0xc .\emFile_V322c\LinkLibrary\PSoC5\GCC\libemf16noslfn.a(FS_Partition.o)
 .text.FS__GetMediaStartSecEx
                0x00007bec       0x6e .\emFile_V322c\LinkLibrary\PSoC5\GCC\libemf16noslfn.a(FS_Partition.o)
                0x00007bec                FS__GetMediaStartSecEx
 *fill*         0x00007c5a        0x2 
 .text.FS__LocatePartition
                0x00007c5c       0x44 .\emFile_V322c\LinkLibrary\PSoC5\GCC\libemf16noslfn.a(FS_Partition.o)
                0x00007c5c                FS__LocatePartition
 .text.FS_X_AddDevices
                0x00007ca0       0x20 .\CortexM3\ARM_GCC_493\Debug\Node-Beaver_FE3.a(emFile_1_ConfigMMC_SPI.o)
                0x00007ca0                FS_X_AddDevices
 .text.FS_X_GetTimeDate
                0x00007cc0       0x58 .\CortexM3\ARM_GCC_493\Debug\Node-Beaver_FE3.a(emFile_1_ConfigMMC_SPI.o)
                0x00007cc0                FS_X_GetTimeDate
 .text._CalcDataCRC16Dummy
                0x00007d18        0x6 .\emFile_V322c\LinkLibrary\PSoC5\GCC\libemf16noslfn.a(MMC_Drv.o)
 *fill*         0x00007d1e        0x2 
 .text._MMC_GetNumUnits
                0x00007d20        0xc .\emFile_V322c\LinkLibrary\PSoC5\GCC\libemf16noslfn.a(MMC_Drv.o)
 .text._MMC_GetDriverName
                0x00007d2c        0x8 .\emFile_V322c\LinkLibrary\PSoC5\GCC\libemf16noslfn.a(MMC_Drv.o)
 .text._MMC_GetStatus
                0x00007d34        0x4 .\emFile_V322c\LinkLibrary\PSoC5\GCC\libemf16noslfn.a(MMC_Drv.o)
 .text._CheckR1
                0x00007d38       0x38 .\emFile_V322c\LinkLibrary\PSoC5\GCC\libemf16noslfn.a(MMC_Drv.o)
 .text._WaitToGetReady
                0x00007d70       0x26 .\emFile_V322c\LinkLibrary\PSoC5\GCC\libemf16noslfn.a(MMC_Drv.o)
 .text._SendEmptyCycles
                0x00007d96       0x24 .\emFile_V322c\LinkLibrary\PSoC5\GCC\libemf16noslfn.a(MMC_Drv.o)
 *fill*         0x00007dba        0x2 
 .text._MMC_AddDevice
                0x00007dbc       0x2c .\emFile_V322c\LinkLibrary\PSoC5\GCC\libemf16noslfn.a(MMC_Drv.o)
 .text.T.53     0x00007de8       0x14 .\emFile_V322c\LinkLibrary\PSoC5\GCC\libemf16noslfn.a(MMC_Drv.o)
 .text._GetFromCSD
                0x00007dfc       0x34 .\emFile_V322c\LinkLibrary\PSoC5\GCC\libemf16noslfn.a(MMC_Drv.o)
 .text._ExecCmdR1
                0x00007e30       0x98 .\emFile_V322c\LinkLibrary\PSoC5\GCC\libemf16noslfn.a(MMC_Drv.o)
 .text._ReadCSD
                0x00007ec8       0x86 .\emFile_V322c\LinkLibrary\PSoC5\GCC\libemf16noslfn.a(MMC_Drv.o)
 *fill*         0x00007f4e        0x2 
 .text._MMC_Read
                0x00007f50      0x130 .\emFile_V322c\LinkLibrary\PSoC5\GCC\libemf16noslfn.a(MMC_Drv.o)
 .text._MMC_Write
                0x00008080      0x13c .\emFile_V322c\LinkLibrary\PSoC5\GCC\libemf16noslfn.a(MMC_Drv.o)
 .text._ApplyCSD
                0x000081bc      0x228 .\emFile_V322c\LinkLibrary\PSoC5\GCC\libemf16noslfn.a(MMC_Drv.o)
 .text._MMC_Init
                0x000083e4      0x1c0 .\emFile_V322c\LinkLibrary\PSoC5\GCC\libemf16noslfn.a(MMC_Drv.o)
 .text._MMC_InitMedium
                0x000085a4       0x28 .\emFile_V322c\LinkLibrary\PSoC5\GCC\libemf16noslfn.a(MMC_Drv.o)
 .text._MMC_IoCtl
                0x000085cc       0x60 .\emFile_V322c\LinkLibrary\PSoC5\GCC\libemf16noslfn.a(MMC_Drv.o)
 .text.emFile_1_Init
                0x0000862c       0x64 .\CortexM3\ARM_GCC_493\Debug\Node-Beaver_FE3.a(emFile_1_MMC_HW_SPI.o)
 .text.emFile_1_ReadWriteSPI
                0x00008690       0x68 .\CortexM3\ARM_GCC_493\Debug\Node-Beaver_FE3.a(emFile_1_MMC_HW_SPI.o)
 .text.FS_MMC_HW_X_EnableCS
                0x000086f8       0x28 .\CortexM3\ARM_GCC_493\Debug\Node-Beaver_FE3.a(emFile_1_MMC_HW_SPI.o)
                0x000086f8                FS_MMC_HW_X_EnableCS
 .text.FS_MMC_HW_X_DisableCS
                0x00008720       0x28 .\CortexM3\ARM_GCC_493\Debug\Node-Beaver_FE3.a(emFile_1_MMC_HW_SPI.o)
                0x00008720                FS_MMC_HW_X_DisableCS
 .text.FS_MMC_HW_X_IsWriteProtected
                0x00008748       0x2c .\CortexM3\ARM_GCC_493\Debug\Node-Beaver_FE3.a(emFile_1_MMC_HW_SPI.o)
                0x00008748                FS_MMC_HW_X_IsWriteProtected
 .text.FS_MMC_HW_X_SetMaxSpeed
                0x00008774       0x88 .\CortexM3\ARM_GCC_493\Debug\Node-Beaver_FE3.a(emFile_1_MMC_HW_SPI.o)
                0x00008774                FS_MMC_HW_X_SetMaxSpeed
 .text.FS_MMC_HW_X_SetVoltage
                0x000087fc       0x68 .\CortexM3\ARM_GCC_493\Debug\Node-Beaver_FE3.a(emFile_1_MMC_HW_SPI.o)
                0x000087fc                FS_MMC_HW_X_SetVoltage
 .text.FS_MMC_HW_X_IsPresent
                0x00008864       0x30 .\CortexM3\ARM_GCC_493\Debug\Node-Beaver_FE3.a(emFile_1_MMC_HW_SPI.o)
                0x00008864                FS_MMC_HW_X_IsPresent
 .text.FS_MMC_HW_X_Read
                0x00008894       0x34 .\CortexM3\ARM_GCC_493\Debug\Node-Beaver_FE3.a(emFile_1_MMC_HW_SPI.o)
                0x00008894                FS_MMC_HW_X_Read
 .text.FS_MMC_HW_X_Write
                0x000088c8       0x34 .\CortexM3\ARM_GCC_493\Debug\Node-Beaver_FE3.a(emFile_1_MMC_HW_SPI.o)
                0x000088c8                FS_MMC_HW_X_Write
 .text.emFile_1_SPI0_Init
                0x000088fc       0x30 .\CortexM3\ARM_GCC_493\Debug\Node-Beaver_FE3.a(emFile_1_SPI0.o)
                0x000088fc                emFile_1_SPI0_Init
 .text.emFile_1_SPI0_Enable
                0x0000892c       0x60 .\CortexM3\ARM_GCC_493\Debug\Node-Beaver_FE3.a(emFile_1_SPI0.o)
                0x0000892c                emFile_1_SPI0_Enable
 .text.emFile_1_SPI0_Start
                0x0000898c       0x20 .\CortexM3\ARM_GCC_493\Debug\Node-Beaver_FE3.a(emFile_1_SPI0.o)
                0x0000898c                emFile_1_SPI0_Start
 .text.emFile_1_SPI0_EnableTxInt
                0x000089ac        0xc .\CortexM3\ARM_GCC_493\Debug\Node-Beaver_FE3.a(emFile_1_SPI0.o)
                0x000089ac                emFile_1_SPI0_EnableTxInt
 .text.emFile_1_SPI0_EnableRxInt
                0x000089b8        0xc .\CortexM3\ARM_GCC_493\Debug\Node-Beaver_FE3.a(emFile_1_SPI0.o)
                0x000089b8                emFile_1_SPI0_EnableRxInt
 .text.emFile_1_SPI0_ReadTxStatus
                0x000089c4       0x20 .\CortexM3\ARM_GCC_493\Debug\Node-Beaver_FE3.a(emFile_1_SPI0.o)
                0x000089c4                emFile_1_SPI0_ReadTxStatus
 .text.emFile_1_SPI0_ReadRxStatus
                0x000089e4       0x20 .\CortexM3\ARM_GCC_493\Debug\Node-Beaver_FE3.a(emFile_1_SPI0.o)
                0x000089e4                emFile_1_SPI0_ReadRxStatus
 .text.emFile_1_SPI0_WriteTxData
                0x00008a04       0x34 .\CortexM3\ARM_GCC_493\Debug\Node-Beaver_FE3.a(emFile_1_SPI0.o)
                0x00008a04                emFile_1_SPI0_WriteTxData
 .text.emFile_1_SPI0_ReadRxData
                0x00008a38       0x20 .\CortexM3\ARM_GCC_493\Debug\Node-Beaver_FE3.a(emFile_1_SPI0.o)
                0x00008a38                emFile_1_SPI0_ReadRxData
 .text.emFile_1_SPI0_ClearFIFO
                0x00008a58       0x5c .\CortexM3\ARM_GCC_493\Debug\Node-Beaver_FE3.a(emFile_1_SPI0.o)
                0x00008a58                emFile_1_SPI0_ClearFIFO
 .text.emFile_1_Clock_1_Start
                0x00008ab4       0x34 .\CortexM3\ARM_GCC_493\Debug\Node-Beaver_FE3.a(emFile_1_Clock_1.o)
                0x00008ab4                emFile_1_Clock_1_Start
 .text.emFile_1_Clock_1_Stop
                0x00008ae8       0x34 .\CortexM3\ARM_GCC_493\Debug\Node-Beaver_FE3.a(emFile_1_Clock_1.o)
                0x00008ae8                emFile_1_Clock_1_Stop
 .text.emFile_1_Clock_1_SetDividerRegister
                0x00008b1c      0x160 .\CortexM3\ARM_GCC_493\Debug\Node-Beaver_FE3.a(emFile_1_Clock_1.o)
                0x00008b1c                emFile_1_Clock_1_SetDividerRegister
 .text.emFile_1_Clock_1_GetDividerRegister
                0x00008c7c       0x18 .\CortexM3\ARM_GCC_493\Debug\Node-Beaver_FE3.a(emFile_1_Clock_1.o)
                0x00008c7c                emFile_1_Clock_1_GetDividerRegister
 .text.emFile_1_Clock_1_GetSourceRegister
                0x00008c94       0x20 .\CortexM3\ARM_GCC_493\Debug\Node-Beaver_FE3.a(emFile_1_Clock_1.o)
                0x00008c94                emFile_1_Clock_1_GetSourceRegister
 .text.emFile_1_SPI0_CS_Write
                0x00008cb4       0x3c .\CortexM3\ARM_GCC_493\Debug\Node-Beaver_FE3.a(emFile_1_SPI0_CS.o)
                0x00008cb4                emFile_1_SPI0_CS_Write
 .text.atoi     0x00008cf0        0x8 d:/programming/cypress/psoc creator/4.0/psoc creator/import/gnu/arm/4.9.3/bin/../lib/gcc/arm-none-eabi/4.9.3/../../../../arm-none-eabi/lib/armv7-m\libg_nano.a(lib_a-atoi.o)
                0x00008cf0                atoi
 .text.__errno  0x00008cf8        0xc d:/programming/cypress/psoc creator/4.0/psoc creator/import/gnu/arm/4.9.3/bin/../lib/gcc/arm-none-eabi/4.9.3/../../../../arm-none-eabi/lib/armv7-m\libg_nano.a(lib_a-errno.o)
                0x00008cf8                __errno
 .text.__libc_init_array
                0x00008d04       0x4c d:/programming/cypress/psoc creator/4.0/psoc creator/import/gnu/arm/4.9.3/bin/../lib/gcc/arm-none-eabi/4.9.3/../../../../arm-none-eabi/lib/armv7-m\libg_nano.a(lib_a-init.o)
                0x00008d04                __libc_init_array
 .text.memcpy   0x00008d50       0x16 d:/programming/cypress/psoc creator/4.0/psoc creator/import/gnu/arm/4.9.3/bin/../lib/gcc/arm-none-eabi/4.9.3/../../../../arm-none-eabi/lib/armv7-m\libg_nano.a(lib_a-memcpy.o)
                0x00008d50                memcpy
 .text.memset   0x00008d66       0x10 d:/programming/cypress/psoc creator/4.0/psoc creator/import/gnu/arm/4.9.3/bin/../lib/gcc/arm-none-eabi/4.9.3/../../../../arm-none-eabi/lib/armv7-m\libg_nano.a(lib_a-memset.o)
                0x00008d66                memset
 *fill*         0x00008d76        0x2 
 .text.sprintf  0x00008d78       0x48 d:/programming/cypress/psoc creator/4.0/psoc creator/import/gnu/arm/4.9.3/bin/../lib/gcc/arm-none-eabi/4.9.3/../../../../arm-none-eabi/lib/armv7-m\libg_nano.a(lib_a-sprintf.o)
                0x00008d78                siprintf
                0x00008d78                sprintf
 .text.strtok   0x00008dc0       0x64 d:/programming/cypress/psoc creator/4.0/psoc creator/import/gnu/arm/4.9.3/bin/../lib/gcc/arm-none-eabi/4.9.3/../../../../arm-none-eabi/lib/armv7-m\libg_nano.a(lib_a-strtok.o)
                0x00008dc0                strtok
 .text.__strtok_r
                0x00008e24       0x56 d:/programming/cypress/psoc creator/4.0/psoc creator/import/gnu/arm/4.9.3/bin/../lib/gcc/arm-none-eabi/4.9.3/../../../../arm-none-eabi/lib/armv7-m\libg_nano.a(lib_a-strtok_r.o)
                0x00008e24                __strtok_r
 *fill*         0x00008e7a        0x2 
 .text._strtol_r
                0x00008e7c      0x10c d:/programming/cypress/psoc creator/4.0/psoc creator/import/gnu/arm/4.9.3/bin/../lib/gcc/arm-none-eabi/4.9.3/../../../../arm-none-eabi/lib/armv7-m\libg_nano.a(lib_a-strtol.o)
                0x00008e7c                _strtol_r
 .text.strtol   0x00008f88       0x1c d:/programming/cypress/psoc creator/4.0/psoc creator/import/gnu/arm/4.9.3/bin/../lib/gcc/arm-none-eabi/4.9.3/../../../../arm-none-eabi/lib/armv7-m\libg_nano.a(lib_a-strtol.o)
                0x00008f88                strtol
 .text.malloc   0x00008fa4       0x10 d:/programming/cypress/psoc creator/4.0/psoc creator/import/gnu/arm/4.9.3/bin/../lib/gcc/arm-none-eabi/4.9.3/../../../../arm-none-eabi/lib/armv7-m\libg_nano.a(lib_a-malloc.o)
                0x00008fa4                malloc
 .text._free_r  0x00008fb4       0x88 d:/programming/cypress/psoc creator/4.0/psoc creator/import/gnu/arm/4.9.3/bin/../lib/gcc/arm-none-eabi/4.9.3/../../../../arm-none-eabi/lib/armv7-m\libg_nano.a(lib_a-nano-freer.o)
                0x00008fb4                _free_r
 .text._malloc_r
                0x0000903c       0xac d:/programming/cypress/psoc creator/4.0/psoc creator/import/gnu/arm/4.9.3/bin/../lib/gcc/arm-none-eabi/4.9.3/../../../../arm-none-eabi/lib/armv7-m\libg_nano.a(lib_a-nano-mallocr.o)
                0x0000903c                _malloc_r
 .text.__ssputs_r
                0x000090e8       0xb2 d:/programming/cypress/psoc creator/4.0/psoc creator/import/gnu/arm/4.9.3/bin/../lib/gcc/arm-none-eabi/4.9.3/../../../../arm-none-eabi/lib/armv7-m\libg_nano.a(lib_a-nano-svfprintf.o)
                0x000090e8                __ssputs_r
 *fill*         0x0000919a        0x2 
 .text._svfprintf_r
                0x0000919c      0x1e4 d:/programming/cypress/psoc creator/4.0/psoc creator/import/gnu/arm/4.9.3/bin/../lib/gcc/arm-none-eabi/4.9.3/../../../../arm-none-eabi/lib/armv7-m\libg_nano.a(lib_a-nano-svfprintf.o)
                0x0000919c                _svfiprintf_r
                0x0000919c                _svfprintf_r
 .text._printf_common
                0x00009380       0xea d:/programming/cypress/psoc creator/4.0/psoc creator/import/gnu/arm/4.9.3/bin/../lib/gcc/arm-none-eabi/4.9.3/../../../../arm-none-eabi/lib/armv7-m\libg_nano.a(lib_a-nano-vfprintf_i.o)
                0x00009380                _printf_common
 *fill*         0x0000946a        0x2 
 .text._printf_i
                0x0000946c      0x240 d:/programming/cypress/psoc creator/4.0/psoc creator/import/gnu/arm/4.9.3/bin/../lib/gcc/arm-none-eabi/4.9.3/../../../../arm-none-eabi/lib/armv7-m\libg_nano.a(lib_a-nano-vfprintf_i.o)
                0x0000946c                _printf_i
 .text._sbrk_r  0x000096ac       0x20 d:/programming/cypress/psoc creator/4.0/psoc creator/import/gnu/arm/4.9.3/bin/../lib/gcc/arm-none-eabi/4.9.3/../../../../arm-none-eabi/lib/armv7-m\libg_nano.a(lib_a-sbrkr.o)
                0x000096ac                _sbrk_r
 .text.memchr   0x000096cc       0x1c d:/programming/cypress/psoc creator/4.0/psoc creator/import/gnu/arm/4.9.3/bin/../lib/gcc/arm-none-eabi/4.9.3/../../../../arm-none-eabi/lib/armv7-m\libg_nano.a(lib_a-memchr.o)
                0x000096cc                memchr
 .text.memmove  0x000096e8       0x36 d:/programming/cypress/psoc creator/4.0/psoc creator/import/gnu/arm/4.9.3/bin/../lib/gcc/arm-none-eabi/4.9.3/../../../../arm-none-eabi/lib/armv7-m\libg_nano.a(lib_a-memmove.o)
                0x000096e8                memmove
 .text._realloc_r
                0x0000971e       0x4c d:/programming/cypress/psoc creator/4.0/psoc creator/import/gnu/arm/4.9.3/bin/../lib/gcc/arm-none-eabi/4.9.3/../../../../arm-none-eabi/lib/armv7-m\libg_nano.a(lib_a-nano-reallocr.o)
                0x0000971e                _realloc_r
 .text._malloc_usable_size_r
                0x0000976a       0x14 d:/programming/cypress/psoc creator/4.0/psoc creator/import/gnu/arm/4.9.3/bin/../lib/gcc/arm-none-eabi/4.9.3/../../../../arm-none-eabi/lib/armv7-m\libg_nano.a(lib_a-nano-msizer.o)
                0x0000976a                _malloc_usable_size_r
 *(.plt)
 *(.gnu.warning)
 *(.glue_7t)
 .glue_7t       0x00000000        0x0 linker stubs
 *(.glue_7)
 .glue_7        0x00000000        0x0 linker stubs
 *(.vfp11_veneer)
 .vfp11_veneer  0x00000000        0x0 linker stubs
 *(.bootloader)
 *(.ARM.extab* .gnu.linkonce.armextab.*)
 *(.gcc_except_table)

.v4_bx          0x00009780        0x0
 .v4_bx         0x00000000        0x0 linker stubs

.iplt           0x00009780        0x0
 .iplt          0x00000000        0x0 d:/programming/cypress/psoc creator/4.0/psoc creator/import/gnu/arm/4.9.3/bin/../lib/gcc/arm-none-eabi/4.9.3/armv7-m/crtbegin.o

.eh_frame_hdr
 *(.eh_frame_hdr)

.eh_frame       0x00009780        0x4
 *(.eh_frame)
 .eh_frame      0x00009780        0x0 d:/programming/cypress/psoc creator/4.0/psoc creator/import/gnu/arm/4.9.3/bin/../lib/gcc/arm-none-eabi/4.9.3/armv7-m/crtbegin.o
 .eh_frame      0x00009780        0x4 d:/programming/cypress/psoc creator/4.0/psoc creator/import/gnu/arm/4.9.3/bin/../lib/gcc/arm-none-eabi/4.9.3/armv7-m/crtend.o
                0x00009784                PROVIDE (__exidx_start, .)

.ARM.exidx
 *(.ARM.exidx* .gnu.linkonce.armexidx.*)
                0x00009784                __exidx_end = .

.rodata         0x00009784      0x6bc
 *(.rodata .rodata.* .gnu.linkonce.r.*)
 .rodata        0x00009784       0xc4 .\CortexM3\ARM_GCC_493\Debug\sd_manager.o
                0x00009784                set_time_file
 .rodata        0x00009848       0x2c .\CortexM3\ARM_GCC_493\Debug\Node-Beaver_FE3.a(cyfitter_cfg.o)
 .rodata        0x00009874      0x160 .\CortexM3\ARM_GCC_493\Debug\Node-Beaver_FE3.a(CAN_1.o)
 .rodata        0x000099d4       0x14 .\CortexM3\ARM_GCC_493\Debug\Node-Beaver_FE3.a(USBUART_1_std.o)
 .rodata        0x000099e8      0x19c .\CortexM3\ARM_GCC_493\Debug\Node-Beaver_FE3.a(USBUART_1_descr.o)
                0x000099e8                USBUART_1_DEVICE0_DESCR
                0x000099fc                USBUART_1_DEVICE0_CONFIGURATION0_DESCR
                0x00009a40                USBUART_1_STRING_DESCRIPTORS
                0x00009ae0                USBUART_1_SN_STRING_DESCRIPTOR
                0x00009ae4                USBUART_1_DEVICE0_CONFIGURATION0_EP_SETTINGS_TABLE
                0x00009afc                USBUART_1_DEVICE0_CONFIGURATION0_INTERFACE_CLASS
                0x00009b00                USBUART_1_DEVICE0_CONFIGURATION0_TABLE
                0x00009b28                USBUART_1_DEVICE0_TABLE
                0x00009b40                USBUART_1_TABLE
                0x00009b48                USBUART_1_MSOS_DESCRIPTOR
                0x00009b5c                USBUART_1_MSOS_CONFIGURATION_DESCR
 .rodata        0x00009b84       0x10 .\emFile_V322c\LinkLibrary\PSoC5\GCC\libemf16noslfn.a(FAT_LFN.o)
                0x00009b84                FAT_LFN_API
 .rodata        0x00009b94       0x10 .\emFile_V322c\LinkLibrary\PSoC5\GCC\libemf16noslfn.a(FAT_Misc.o)
                0x00009b94                FAT_SFN_API
 .rodata.str1.1
                0x00009ba4        0x3 .\emFile_V322c\LinkLibrary\PSoC5\GCC\libemf16noslfn.a(FAT_Open.o)
 *fill*         0x00009ba7        0x1 
 .rodata        0x00009ba8       0x78 .\emFile_V322c\LinkLibrary\PSoC5\GCC\libemf16noslfn.a(FS_Misc.o)
 .rodata.str1.1
                0x00009c20       0x30 .\emFile_V322c\LinkLibrary\PSoC5\GCC\libemf16noslfn.a(FS_Misc.o)
 .rodata        0x00009c50       0x18 .\emFile_V322c\LinkLibrary\PSoC5\GCC\libemf16noslfn.a(FAT_Dir.o)
 .rodata        0x00009c68       0x68 .\emFile_V322c\LinkLibrary\PSoC5\GCC\libemf16noslfn.a(MMC_Drv.o)
                0x00009cb0                FS_MMC_SPI_Driver
 .rodata.str1.1
                0x00009cd0        0x4 .\emFile_V322c\LinkLibrary\PSoC5\GCC\libemf16noslfn.a(MMC_Drv.o)
 .rodata.str1.1
                0x00009cd4        0x2 d:/programming/cypress/psoc creator/4.0/psoc creator/import/gnu/arm/4.9.3/bin/../lib/gcc/arm-none-eabi/4.9.3/../../../../arm-none-eabi/lib/armv7-m\libg_nano.a(lib_a-impure.o)
 .rodata._ctype_
                0x00009cd6      0x101 d:/programming/cypress/psoc creator/4.0/psoc creator/import/gnu/arm/4.9.3/bin/../lib/gcc/arm-none-eabi/4.9.3/../../../../arm-none-eabi/lib/armv7-m\libg_nano.a(lib_a-ctype_.o)
                0x00009cd6                _ctype_
 .rodata.str1.1
                0x00009dd7       0x11 d:/programming/cypress/psoc creator/4.0/psoc creator/import/gnu/arm/4.9.3/bin/../lib/gcc/arm-none-eabi/4.9.3/../../../../arm-none-eabi/lib/armv7-m\libg_nano.a(lib_a-nano-svfprintf.o)
 .rodata.str1.1
                0x00009de8       0x22 d:/programming/cypress/psoc creator/4.0/psoc creator/import/gnu/arm/4.9.3/bin/../lib/gcc/arm-none-eabi/4.9.3/../../../../arm-none-eabi/lib/armv7-m\libg_nano.a(lib_a-nano-vfprintf_i.o)
                0x00009e0c                . = ALIGN (0x4)
 *fill*         0x00009e0a        0x2 
 *(.init)
 .init          0x00009e0c        0x4 d:/programming/cypress/psoc creator/4.0/psoc creator/import/gnu/arm/4.9.3/bin/../lib/gcc/arm-none-eabi/4.9.3/armv7-m/crti.o
                0x00009e0c                _init
 .init          0x00009e10        0x8 d:/programming/cypress/psoc creator/4.0/psoc creator/import/gnu/arm/4.9.3/bin/../lib/gcc/arm-none-eabi/4.9.3/armv7-m/crtn.o
                0x00009e18                . = ALIGN (0x4)
                0x00009e18                __preinit_array_start = .
 *(.preinit_array)
                0x00009e18                __preinit_array_end = .
                0x00009e18                . = ALIGN (0x4)
                0x00009e18                __init_array_start = .
 *(SORT(.init_array.*))
 *(.init_array)
 .init_array    0x00009e18        0x4 d:/programming/cypress/psoc creator/4.0/psoc creator/import/gnu/arm/4.9.3/bin/../lib/gcc/arm-none-eabi/4.9.3/armv7-m/crtbegin.o
 .init_array    0x00009e1c        0x4 .\CortexM3\ARM_GCC_493\Debug\Cm3Start.o
                0x00009e20                __init_array_end = .
                0x00009e20                . = ALIGN (0x4)
 *(.fini)
 .fini          0x00009e20        0x4 d:/programming/cypress/psoc creator/4.0/psoc creator/import/gnu/arm/4.9.3/bin/../lib/gcc/arm-none-eabi/4.9.3/armv7-m/crti.o
                0x00009e20                _fini
 .fini          0x00009e24        0x8 d:/programming/cypress/psoc creator/4.0/psoc creator/import/gnu/arm/4.9.3/bin/../lib/gcc/arm-none-eabi/4.9.3/armv7-m/crtn.o
                0x00009e2c                . = ALIGN (0x4)
                0x00009e2c                __fini_array_start = .
 *(.fini_array)
 .fini_array    0x00009e2c        0x4 d:/programming/cypress/psoc creator/4.0/psoc creator/import/gnu/arm/4.9.3/bin/../lib/gcc/arm-none-eabi/4.9.3/armv7-m/crtbegin.o
 *(SORT(.fini_array.*))
                0x00009e30                __fini_array_end = .
                0x00009e30                . = ALIGN (0x4)
 *crtbegin.o(.ctors)
 *(EXCLUDE_FILE(*crtend.o) .ctors)
 *(SORT(.ctors.*))
 *crtend.o(.ctors)
                0x00009e30                . = ALIGN (0x4)
 *crtbegin.o(.dtors)
 *(EXCLUDE_FILE(*crtend.o) .dtors)
 *(SORT(.dtors.*))
 *crtend.o(.dtors)
                0x00009e30                . = ALIGN (0x4)
                0x00009e30                __cy_regions = .
                0x00009e30        0x4 LONG 0x9e40 __cy_region_init_ram
                0x00009e34        0x4 LONG 0x1fff8108 __cy_region_start_data
                0x00009e38        0x4 LONG 0xa8 __cy_region_init_size_ram
                0x00009e3c        0x4 LONG 0x52b0 __cy_region_zero_size_ram
                0x00009e40                __cy_regions_end = .
                0x00009e40                . = ALIGN (0x8)
                0x00009e40                _etext = .

.cy_checksum_exclude
                0x00009e40        0x0
 *(.cy_checksum_exclude)

.ramvectors     0x1fff8000      0x100
                0x1fff8000                __cy_region_start_ram = .
 *(.ramvectors)
 .ramvectors    0x1fff8000      0x100 .\CortexM3\ARM_GCC_493\Debug\Cm3Start.o
                0x1fff8000                CyRamVectors

.noinit         0x1fff8100        0x5
 *(.noinit)
 .noinit        0x1fff8100        0x4 .\CortexM3\ARM_GCC_493\Debug\Cm3Start.o
 .noinit        0x1fff8104        0x1 .\CortexM3\ARM_GCC_493\Debug\Node-Beaver_FE3.a(CyLib.o)
                0x1fff8104                CyResetStatus

.data           0x1fff8108       0xa8 load address 0x00009e40
                0x1fff8108                __cy_region_start_data = .
 *(.jcr)
 .jcr           0x1fff8108        0x0 d:/programming/cypress/psoc creator/4.0/psoc creator/import/gnu/arm/4.9.3/bin/../lib/gcc/arm-none-eabi/4.9.3/armv7-m/crtbegin.o
 .jcr           0x1fff8108        0x4 d:/programming/cypress/psoc creator/4.0/psoc creator/import/gnu/arm/4.9.3/bin/../lib/gcc/arm-none-eabi/4.9.3/armv7-m/crtend.o
 *(.got.plt)
 *(.got)
 *(.shdata)
 *(.data .data.* .gnu.linkonce.d.*)
 .data          0x1fff810c        0x4 .\CortexM3\ARM_GCC_493\Debug\Cm3Start.o
 .data          0x1fff8110       0x10 .\CortexM3\ARM_GCC_493\Debug\Node-Beaver_FE3.a(CyLib.o)
                0x1fff8110                cydelay_freq_hz
                0x1fff8114                cydelay_freq_khz
                0x1fff8118                cydelay_freq_mhz
                0x1fff811c                cydelay_32k_ms
 .data          0x1fff8120       0x1c .\CortexM3\ARM_GCC_493\Debug\Node-Beaver_FE3.a(USBUART_1_cdc.o)
                0x1fff8120                USBUART_1_linesCoding
 .data          0x1fff813c        0x4 .\emFile_V322c\LinkLibrary\PSoC5\GCC\libemf16noslfn.a(FAT_Misc.o)
                0x1fff813c                FAT_pDirEntryAPI
 .data          0x1fff8140        0x4 .\emFile_V322c\LinkLibrary\PSoC5\GCC\libemf16noslfn.a(MMC_Drv.o)
 .data.impure_data
                0x1fff8144       0x60 d:/programming/cypress/psoc creator/4.0/psoc creator/import/gnu/arm/4.9.3/bin/../lib/gcc/arm-none-eabi/4.9.3/../../../../arm-none-eabi/lib/armv7-m\libg_nano.a(lib_a-impure.o)
 .data._impure_ptr
                0x1fff81a4        0x4 d:/programming/cypress/psoc creator/4.0/psoc creator/import/gnu/arm/4.9.3/bin/../lib/gcc/arm-none-eabi/4.9.3/../../../../arm-none-eabi/lib/armv7-m\libg_nano.a(lib_a-impure.o)
                0x1fff81a4                _impure_ptr
 .data.__ctype_ptr__
                0x1fff81a8        0x4 d:/programming/cypress/psoc creator/4.0/psoc creator/import/gnu/arm/4.9.3/bin/../lib/gcc/arm-none-eabi/4.9.3/../../../../arm-none-eabi/lib/armv7-m\libg_nano.a(lib_a-ctype_.o)
                0x1fff81a8                __ctype_ptr__
                0x1fff81b0                . = ALIGN (0x8)
 *fill*         0x1fff81ac        0x4 
 *(.ram)
                0x1fff81b0                _edata = .

.igot.plt       0x1fff81b0        0x0 load address 0x00009ee8
 .igot.plt      0x00000000        0x0 d:/programming/cypress/psoc creator/4.0/psoc creator/import/gnu/arm/4.9.3/bin/../lib/gcc/arm-none-eabi/4.9.3/armv7-m/crtbegin.o

.bss            0x1fff81b0     0x52b0 load address 0x00009ee8
                0x1fff81b0                PROVIDE (__bss_start__, .)
 *(.shbss)
 *(.bss .bss.* .gnu.linkonce.b.*)
 .bss           0x1fff81b0       0x1c d:/programming/cypress/psoc creator/4.0/psoc creator/import/gnu/arm/4.9.3/bin/../lib/gcc/arm-none-eabi/4.9.3/armv7-m/crtbegin.o
 .bss           0x1fff81cc        0x6 .\CortexM3\ARM_GCC_493\Debug\sd_manager.o
                0x1fff81cc                sd_ok
                0x1fff81ce                sd_head
                0x1fff81d0                sd_tail
 *fill*         0x1fff81d2        0x2 
 .bss           0x1fff81d4        0x8 .\CortexM3\ARM_GCC_493\Debug\radio_manager.o
 .bss           0x1fff81dc        0x1 .\CortexM3\ARM_GCC_493\Debug\Node-Beaver_FE3.a(CAN_1.o)
                0x1fff81dc                CAN_1_initVar
 .bss           0x1fff81dd        0x1 .\CortexM3\ARM_GCC_493\Debug\Node-Beaver_FE3.a(USBUART_1.o)
                0x1fff81dd                USBUART_1_initVar
 *fill*         0x1fff81de        0x2 
 .bss           0x1fff81e0        0x4 .\CortexM3\ARM_GCC_493\Debug\Node-Beaver_FE3.a(USBUART_1_std.o)
 .bss           0x1fff81e4        0x1 .\CortexM3\ARM_GCC_493\Debug\Node-Beaver_FE3.a(rtc_i2c.o)
                0x1fff81e4                rtc_i2c_initVar
 .bss           0x1fff81e5        0x1 .\CortexM3\ARM_GCC_493\Debug\Node-Beaver_FE3.a(millis_timer.o)
                0x1fff81e5                millis_timer_initVar
 .bss           0x1fff81e6        0x1 .\CortexM3\ARM_GCC_493\Debug\Node-Beaver_FE3.a(time_refresh_timer.o)
                0x1fff81e6                time_refresh_timer_initVar
 .bss           0x1fff81e7        0x1 .\CortexM3\ARM_GCC_493\Debug\Node-Beaver_FE3.a(xbee_spi.o)
                0x1fff81e7                xbee_spi_initVar
 .bss           0x1fff81e8        0x1 .\CortexM3\ARM_GCC_493\Debug\Node-Beaver_FE3.a(power_comp.o)
                0x1fff81e8                power_comp_initVar
 .bss           0x1fff81e9        0x1 .\CortexM3\ARM_GCC_493\Debug\Node-Beaver_FE3.a(sd_timer.o)
                0x1fff81e9                sd_timer_initVar